Component: ARM Compiler 5.06 update 6 (build 750) Tool: armlink [4d35ed]

==============================================================================

Section Cross References

    startup_stm32f429_439xx.o(RESET) refers to startup_stm32f429_439xx.o(STACK) for __initial_sp
    startup_stm32f429_439xx.o(RESET) refers to startup_stm32f429_439xx.o(.text) for Reset_Handler
    startup_stm32f429_439xx.o(RESET) refers to stm32f4xx_it.o(i.NMI_Handler) for NMI_Handler
    startup_stm32f429_439xx.o(RESET) refers to stm32f4xx_it.o(i.HardFault_Handler) for HardFault_Handler
    startup_stm32f429_439xx.o(RESET) refers to stm32f4xx_it.o(i.MemManage_Handler) for MemManage_Handler
    startup_stm32f429_439xx.o(RESET) refers to stm32f4xx_it.o(i.BusFault_Handler) for BusFault_Handler
    startup_stm32f429_439xx.o(RESET) refers to stm32f4xx_it.o(i.UsageFault_Handler) for UsageFault_Handler
    startup_stm32f429_439xx.o(RESET) refers to stm32f4xx_it.o(i.SVC_Handler) for SVC_Handler
    startup_stm32f429_439xx.o(RESET) refers to stm32f4xx_it.o(i.DebugMon_Handler) for DebugMon_Handler
    startup_stm32f429_439xx.o(RESET) refers to stm32f4xx_it.o(i.PendSV_Handler) for PendSV_Handler
    startup_stm32f429_439xx.o(RESET) refers to systick.o(i.SysTick_Handler) for SysTick_Handler
    startup_stm32f429_439xx.o(RESET) refers to modbus_svr.o(i.USART1_IRQHandler) for USART1_IRQHandler
    startup_stm32f429_439xx.o(RESET) refers to usart_spd3.o(i.USART2_IRQHandler) for USART2_IRQHandler
    startup_stm32f429_439xx.o(RESET) refers to usart_spd1.o(i.USART3_IRQHandler) for USART3_IRQHandler
    startup_stm32f429_439xx.o(RESET) refers to usart_dam.o(i.UART4_IRQHandler) for UART4_IRQHandler
    startup_stm32f429_439xx.o(RESET) refers to usart_dpt.o(i.USART6_IRQHandler) for USART6_IRQHandler
    startup_stm32f429_439xx.o(RESET) refers to usart_spd2.o(i.UART7_IRQHandler) for UART7_IRQHandler
    startup_stm32f429_439xx.o(.text) refers to system_stm32f4xx.o(i.SystemInit) for SystemInit
    startup_stm32f429_439xx.o(.text) refers to entry.o(.ARM.Collect$$$$00000000) for __main
    system_stm32f4xx.o(i.SystemCoreClockUpdate) refers to system_stm32f4xx.o(.data) for .data
    system_stm32f4xx.o(i.SystemInit) refers to system_stm32f4xx.o(i.SetSysClock) for SetSysClock
    stm32f4xx_adc.o(i.ADC_DeInit) refers to stm32f4xx_rcc.o(i.RCC_APB2PeriphResetCmd) for RCC_APB2PeriphResetCmd
    stm32f4xx_can.o(i.CAN_DeInit) refers to stm32f4xx_rcc.o(i.RCC_APB1PeriphResetCmd) for RCC_APB1PeriphResetCmd
    stm32f4xx_can.o(i.CAN_GetITStatus) refers to stm32f4xx_can.o(i.CheckITStatus) for CheckITStatus
    stm32f4xx_cryp.o(i.CRYP_DeInit) refers to stm32f4xx_rcc.o(i.RCC_AHB2PeriphResetCmd) for RCC_AHB2PeriphResetCmd
    stm32f4xx_cryp_aes.o(i.CRYP_AES_CBC) refers to stm32f4xx_cryp.o(i.CRYP_KeyStructInit) for CRYP_KeyStructInit
    stm32f4xx_cryp_aes.o(i.CRYP_AES_CBC) refers to stm32f4xx_cryp.o(i.CRYP_KeyInit) for CRYP_KeyInit
    stm32f4xx_cryp_aes.o(i.CRYP_AES_CBC) refers to stm32f4xx_cryp.o(i.CRYP_Init) for CRYP_Init
    stm32f4xx_cryp_aes.o(i.CRYP_AES_CBC) refers to stm32f4xx_cryp.o(i.CRYP_IVInit) for CRYP_IVInit
    stm32f4xx_cryp_aes.o(i.CRYP_AES_CBC) refers to stm32f4xx_cryp.o(i.CRYP_FIFOFlush) for CRYP_FIFOFlush
    stm32f4xx_cryp_aes.o(i.CRYP_AES_CBC) refers to stm32f4xx_cryp.o(i.CRYP_Cmd) for CRYP_Cmd
    stm32f4xx_cryp_aes.o(i.CRYP_AES_CBC) refers to stm32f4xx_cryp.o(i.CRYP_GetCmdStatus) for CRYP_GetCmdStatus
    stm32f4xx_cryp_aes.o(i.CRYP_AES_CBC) refers to stm32f4xx_cryp.o(i.CRYP_GetFlagStatus) for CRYP_GetFlagStatus
    stm32f4xx_cryp_aes.o(i.CRYP_AES_CBC) refers to stm32f4xx_cryp.o(i.CRYP_DataIn) for CRYP_DataIn
    stm32f4xx_cryp_aes.o(i.CRYP_AES_CBC) refers to stm32f4xx_cryp.o(i.CRYP_DataOut) for CRYP_DataOut
    stm32f4xx_cryp_aes.o(i.CRYP_AES_CCM) refers to stm32f4xx_cryp.o(i.CRYP_KeyStructInit) for CRYP_KeyStructInit
    stm32f4xx_cryp_aes.o(i.CRYP_AES_CCM) refers to stm32f4xx_cryp.o(i.CRYP_FIFOFlush) for CRYP_FIFOFlush
    stm32f4xx_cryp_aes.o(i.CRYP_AES_CCM) refers to stm32f4xx_cryp.o(i.CRYP_KeyInit) for CRYP_KeyInit
    stm32f4xx_cryp_aes.o(i.CRYP_AES_CCM) refers to stm32f4xx_cryp.o(i.CRYP_IVInit) for CRYP_IVInit
    stm32f4xx_cryp_aes.o(i.CRYP_AES_CCM) refers to stm32f4xx_cryp.o(i.CRYP_Init) for CRYP_Init
    stm32f4xx_cryp_aes.o(i.CRYP_AES_CCM) refers to stm32f4xx_cryp.o(i.CRYP_PhaseConfig) for CRYP_PhaseConfig
    stm32f4xx_cryp_aes.o(i.CRYP_AES_CCM) refers to stm32f4xx_cryp.o(i.CRYP_DataIn) for CRYP_DataIn
    stm32f4xx_cryp_aes.o(i.CRYP_AES_CCM) refers to stm32f4xx_cryp.o(i.CRYP_Cmd) for CRYP_Cmd
    stm32f4xx_cryp_aes.o(i.CRYP_AES_CCM) refers to stm32f4xx_cryp.o(i.CRYP_GetCmdStatus) for CRYP_GetCmdStatus
    stm32f4xx_cryp_aes.o(i.CRYP_AES_CCM) refers to stm32f4xx_cryp.o(i.CRYP_GetFlagStatus) for CRYP_GetFlagStatus
    stm32f4xx_cryp_aes.o(i.CRYP_AES_CCM) refers to stm32f4xx_cryp.o(i.CRYP_DataOut) for CRYP_DataOut
    stm32f4xx_cryp_aes.o(i.CRYP_AES_CTR) refers to stm32f4xx_cryp.o(i.CRYP_KeyStructInit) for CRYP_KeyStructInit
[...]
    ..\..\Libraries\STM32F4xx_StdPeriph_Driver\src\stm32f4xx_cryp_aes.c 0x00000000   Number         0  stm32f4xx_cryp_aes.o ABSOLUTE
    ..\..\Libraries\STM32F4xx_StdPeriph_Driver\src\stm32f4xx_cryp_des.c 0x00000000   Number         0  stm32f4xx_cryp_des.o ABSOLUTE
    ..\..\Libraries\STM32F4xx_StdPeriph_Driver\src\stm32f4xx_cryp_tdes.c 0x00000000   Number         0  stm32f4xx_cryp_tdes.o ABSOLUTE
    ..\..\Libraries\STM32F4xx_StdPeriph_Driver\src\stm32f4xx_dac.c 0x00000000   Number         0  stm32f4xx_dac.o ABSOLUTE
    ..\..\Libraries\STM32F4xx_StdPeriph_Driver\src\stm32f4xx_dbgmcu.c 0x00000000   Number         0  stm32f4xx_dbgmcu.o ABSOLUTE
    ..\..\Libraries\STM32F4xx_StdPeriph_Driver\src\stm32f4xx_dcmi.c 0x00000000   Number         0  stm32f4xx_dcmi.o ABSOLUTE
    ..\..\Libraries\STM32F4xx_StdPeriph_Driver\src\stm32f4xx_dma.c 0x00000000   Number         0  stm32f4xx_dma.o ABSOLUTE
    ..\..\Libraries\STM32F4xx_StdPeriph_Driver\src\stm32f4xx_dma2d.c 0x00000000   Number         0  stm32f4xx_dma2d.o ABSOLUTE
    ..\..\Libraries\STM32F4xx_StdPeriph_Driver\src\stm32f4xx_exti.c 0x00000000   Number         0  stm32f4xx_exti.o ABSOLUTE
    ..\..\Libraries\STM32F4xx_StdPeriph_Driver\src\stm32f4xx_flash.c 0x00000000   Number         0  stm32f4xx_flash.o ABSOLUTE
    ..\..\Libraries\STM32F4xx_StdPeriph_Driver\src\stm32f4xx_flash_ramfunc.c 0x00000000   Number         0  stm32f4xx_flash_ramfunc.o ABSOLUTE
    ..\..\Libraries\STM32F4xx_StdPeriph_Driver\src\stm32f4xx_fmc.c 0x00000000   Number         0  stm32f4xx_fmc.o ABSOLUTE
    ..\..\Libraries\STM32F4xx_StdPeriph_Driver\src\stm32f4xx_fmpi2c.c 0x00000000   Number         0  stm32f4xx_fmpi2c.o ABSOLUTE
    ..\..\Libraries\STM32F4xx_StdPeriph_Driver\src\stm32f4xx_gpio.c 0x00000000   Number         0  stm32f4xx_gpio.o ABSOLUTE
    ..\..\Libraries\STM32F4xx_StdPeriph_Driver\src\stm32f4xx_hash.c 0x00000000   Number         0  stm32f4xx_hash.o ABSOLUTE
    ..\..\Libraries\STM32F4xx_StdPeriph_Driver\src\stm32f4xx_hash_md5.c 0x00000000   Number         0  stm32f4xx_hash_md5.o ABSOLUTE
    ..\..\Libraries\STM32F4xx_StdPeriph_Driver\src\stm32f4xx_hash_sha1.c 0x00000000   Number         0  stm32f4xx_hash_sha1.o ABSOLUTE
    ..\..\Libraries\STM32F4xx_StdPeriph_Driver\src\stm32f4xx_i2c.c 0x00000000   Number         0  stm32f4xx_i2c.o ABSOLUTE
    ..\..\Libraries\STM32F4xx_StdPeriph_Driver\src\stm32f4xx_iwdg.c 0x00000000   Number         0  stm32f4xx_iwdg.o ABSOLUTE
    ..\..\Libraries\STM32F4xx_StdPeriph_Driver\src\stm32f4xx_ltdc.c 0x00000000   Number         0  stm32f4xx_ltdc.o ABSOLUTE
    ..\..\Libraries\STM32F4xx_StdPeriph_Driver\src\stm32f4xx_pwr.c 0x00000000   Number         0  stm32f4xx_pwr.o ABSOLUTE
    ..\..\Libraries\STM32F4xx_StdPeriph_Driver\src\stm32f4xx_qspi.c 0x00000000   Number         0  stm32f4xx_qspi.o ABSOLUTE
    ..\..\Libraries\STM32F4xx_StdPeriph_Driver\src\stm32f4xx_rcc.c 0x00000000   Number         0  stm32f4xx_rcc.o ABSOLUTE
    ..\..\Libraries\STM32F4xx_StdPeriph_Driver\src\stm32f4xx_rng.c 0x00000000   Number         0  stm32f4xx_rng.o ABSOLUTE
    ..\..\Libraries\STM32F4xx_StdPeriph_Driver\src\stm32f4xx_rtc.c 0x00000000   Number         0  stm32f4xx_rtc.o ABSOLUTE
    ..\..\Libraries\STM32F4xx_StdPeriph_Driver\src\stm32f4xx_sai.c 0x00000000   Number         0  stm32f4xx_sai.o ABSOLUTE
    ..\..\Libraries\STM32F4xx_StdPeriph_Driver\src\stm32f4xx_sdio.c 0x00000000   Number         0  stm32f4xx_sdio.o ABSOLUTE
    ..\..\Libraries\STM32F4xx_StdPeriph_Driver\src\stm32f4xx_spdifrx.c 0x00000000   Number         0  stm32f4xx_spdifrx.o ABSOLUTE
    ..\..\Libraries\STM32F4xx_StdPeriph_Driver\src\stm32f4xx_spi.c 0x00000000   Number         0  stm32f4xx_spi.o ABSOLUTE
    ..\..\Libraries\STM32F4xx_StdPeriph_Driver\src\stm32f4xx_syscfg.c 0x00000000   Number         0  stm32f4xx_syscfg.o ABSOLUTE
    ..\..\Libraries\STM32F4xx_StdPeriph_Driver\src\stm32f4xx_tim.c 0x00000000   Number         0  stm32f4xx_tim.o ABSOLUTE
    ..\..\Libraries\STM32F4xx_StdPeriph_Driver\src\stm32f4xx_usart.c 0x00000000   Number         0  stm32f4xx_usart.o ABSOLUTE
    ..\..\Libraries\STM32F4xx_StdPeriph_Driver\src\stm32f4xx_wwdg.c 0x00000000   Number         0  stm32f4xx_wwdg.o ABSOLUTE
    ..\..\User\BP_comm.c                     0x00000000   Number         0  bp_comm.o ABSOLUTE
    ..\..\User\Modbus_svr.c                  0x00000000   Number         0  modbus_svr.o ABSOLUTE
    ..\..\User\SysTick.c                     0x00000000   Number         0  systick.o ABSOLUTE
    ..\..\User\bsp_innerflash.c              0x00000000   Number         0  bsp_innerflash.o ABSOLUTE
    ..\..\User\gpio.c                        0x00000000   Number         0  gpio.o ABSOLUTE
    ..\..\User\main.c                        0x00000000   Number         0  main.o ABSOLUTE
    ..\..\User\plant.c                       0x00000000   Number         0  plant.o ABSOLUTE
    ..\..\User\spd_comm.c                    0x00000000   Number         0  spd_comm.o ABSOLUTE
    ..\..\User\stm32f4xx_it.c                0x00000000   Number         0  stm32f4xx_it.o ABSOLUTE
    ..\..\User\usart_dam.c                   0x00000000   Number         0  usart_dam.o ABSOLUTE
    ..\..\User\usart_dpt.c                   0x00000000   Number         0  usart_dpt.o ABSOLUTE
    ..\..\User\usart_spd1.c                  0x00000000   Number         0  usart_spd1.o ABSOLUTE
    ..\..\User\usart_spd2.c                  0x00000000   Number         0  usart_spd2.o ABSOLUTE
    ..\..\User\usart_spd3.c                  0x00000000   Number         0  usart_spd3.o ABSOLUTE
    ..\\..\\Libraries\\CMSIS\\Device\\ST\\STM32F4xx\\Source\\Templates\\system_stm32f4xx.c 0x00000000   Number         0  system_stm32f4xx.o ABSOLUTE
    ..\\..\\Libraries\\STM32F4xx_StdPeriph_Driver\\src\\misc.c 0x00000000   Number         0  misc.o ABSOLUTE
    ..\\..\\Libraries\\STM32F4xx_StdPeriph_Driver\\src\\stm32f4xx_adc.c 0x00000000   Number         0  stm32f4xx_adc.o ABSOLUTE
    ..\\..\\Libraries\\STM32F4xx_StdPeriph_Driver\\src\\stm32f4xx_can.c 0x00000000   Number         0  stm32f4xx_can.o ABSOLUTE
    ..\\..\\Libraries\\STM32F4xx_StdPeriph_Driver\\src\\stm32f4xx_cec.c 0x00000000   Number         0  stm32f4xx_cec.o ABSOLUTE
    ..\\..\\Libraries\\STM32F4xx_StdPeriph_Driver\\src\\stm32f4xx_crc.c 0x00000000   Number         0  stm32f4xx_crc.o ABSOLUTE
    ..\\..\\Libraries\\STM32F4xx_StdPeriph_Driver\\src\\stm32f4xx_cryp.c 0x00000000   Number         0  stm32f4xx_cryp.o ABSOLUTE
    ..\\..\\Libraries\\STM32F4xx_StdPeriph_Driver\\src\\stm32f4xx_cryp_aes.c 0x00000000   Number         0  stm32f4xx_cryp_aes.o ABSOLUTE
    ..\\..\\Libraries\\STM32F4xx_StdPeriph_Driver\\src\\stm32f4xx_cryp_des.c 0x00000000   Number         0  stm32f4xx_cryp_des.o ABSOLUTE
    ..\\..\\Libraries\\STM32F4xx_StdPeriph_Driver\\src\\stm32f4xx_cryp_tdes.c 0x00000000   Number         0  stm32f4xx_cryp_tdes.o ABSOLUTE
    ..\\..\\Libraries\\STM32F4xx_StdPeriph_Driver\\src\\stm32f4xx_dac.c 0x00000000   Number         0  stm32f4xx_dac.o ABSOLUTE
    ..\\..\\Libraries\\STM32F4xx_StdPeriph_Driver\\src\\stm32f4xx_dbgmcu.c 0x00000000   Number         0  stm32f4xx_dbgmcu.o ABSOLUTE
    ..\\..\\Libraries\\STM32F4xx_StdPeriph_Driver\\src\\stm32f4xx_dcmi.c 0x00000000   Number         0  stm32f4xx_dcmi.o ABSOLUTE
    ..\\..\\Libraries\\STM32F4xx_StdPeriph_Driver\\src\\stm32f4xx_dma.c 0x00000000   Number         0  stm32f4xx_dma.o ABSOLUTE
    ..\\..\\Libraries\\STM32F4xx_StdPeriph_Driver\\src\\stm32f4xx_dma2d.c 0x00000000   Number         0  stm32f4xx_dma2d.o ABSOLUTE
    ..\\..\\Libraries\\STM32F4xx_StdPeriph_Driver\\src\\stm32f4xx_exti.c 0x00000000   Number         0  stm32f4xx_exti.o ABSOLUTE
    ..\\..\\Libraries\\STM32F4xx_StdPeriph_Driver\\src\\stm32f4xx_flash.c 0x00000000   Number         0  stm32f4xx_flash.o ABSOLUTE
    ..\\..\\Libraries\\STM32F4xx_StdPeriph_Driver\\src\\stm32f4xx_flash_ramfunc.c 0x00000000   Number         0  stm32f4xx_flash_ramfunc.o ABSOLUTE
    ..\\..\\Libraries\\STM32F4xx_StdPeriph_Driver\\src\\stm32f4xx_fmc.c 0x00000000   Number         0  stm32f4xx_fmc.o ABSOLUTE
    ..\\..\\Libraries\\STM32F4xx_StdPeriph_Driver\\src\\stm32f4xx_fmpi2c.c 0x00000000   Number         0  stm32f4xx_fmpi2c.o ABSOLUTE
    ..\\..\\Libraries\\STM32F4xx_StdPeriph_Driver\\src\\stm32f4xx_gpio.c 0x00000000   Number         0  stm32f4xx_gpio.o ABSOLUTE
    ..\\..\\Libraries\\STM32F4xx_StdPeriph_Driver\\src\\stm32f4xx_hash.c 0x00000000   Number         0  stm32f4xx_hash.o ABSOLUTE
    ..\\..\\Libraries\\STM32F4xx_StdPeriph_Driver\\src\\stm32f4xx_hash_md5.c 0x00000000   Number         0  stm32f4xx_hash_md5.o ABSOLUTE
    ..\\..\\Libraries\\STM32F4xx_StdPeriph_Driver\\src\\stm32f4xx_hash_sha1.c 0x00000000   Number         0  stm32f4xx_hash_sha1.o ABSOLUTE
    ..\\..\\Libraries\\STM32F4xx_StdPeriph_Driver\\src\\stm32f4xx_i2c.c 0x00000000   Number         0  stm32f4xx_i2c.o ABSOLUTE
    ..\\..\\Libraries\\STM32F4xx_StdPeriph_Driver\\src\\stm32f4xx_iwdg.c 0x00000000   Number         0  stm32f4xx_iwdg.o ABSOLUTE
    ..\\..\\Libraries\\STM32F4xx_StdPeriph_Driver\\src\\stm32f4xx_ltdc.c 0x00000000   Number         0  stm32f4xx_ltdc.o ABSOLUTE
    ..\\..\\Libraries\\STM32F4xx_StdPeriph_Driver\\src\\stm32f4xx_pwr.c 0x00000000   Number         0  stm32f4xx_pwr.o ABSOLUTE
    ..\\..\\Libraries\\STM32F4xx_StdPeriph_Driver\\src\\stm32f4xx_qspi.c 0x00000000   Number         0  stm32f4xx_qspi.o ABSOLUTE
    ..\\..\\Libraries\\STM32F4xx_StdPeriph_Driver\\src\\stm32f4xx_rcc.c 0x00000000   Number         0  stm32f4xx_rcc.o ABSOLUTE
    ..\\..\\Libraries\\STM32F4xx_StdPeriph_Driver\\src\\stm32f4xx_rng.c 0x00000000   Number         0  stm32f4xx_rng.o ABSOLUTE
    ..\\..\\Libraries\\STM32F4xx_StdPeriph_Driver\\src\\stm32f4xx_rtc.c 0x00000000   Number         0  stm32f4xx_rtc.o ABSOLUTE
    ..\\..\\Libraries\\STM32F4xx_StdPeriph_Driver\\src\\stm32f4xx_sai.c 0x00000000   Number         0  stm32f4xx_sai.o ABSOLUTE
    ..\\..\\Libraries\\STM32F4xx_StdPeriph_Driver\\src\\stm32f4xx_sdio.c 0x00000000   Number         0  stm32f4xx_sdio.o ABSOLUTE
    ..\\..\\Libraries\\STM32F4xx_StdPeriph_Driver\\src\\stm32f4xx_spdifrx.c 0x00000000   Number         0  stm32f4xx_spdifrx.o ABSOLUTE
    ..\\..\\Libraries\\STM32F4xx_StdPeriph_Driver\\src\\stm32f4xx_spi.c 0x00000000   Number         0  stm32f4xx_spi.o ABSOLUTE
    ..\\..\\Libraries\\STM32F4xx_StdPeriph_Driver\\src\\stm32f4xx_syscfg.c 0x00000000   Number         0  stm32f4xx_syscfg.o ABSOLUTE
    ..\\..\\Libraries\\STM32F4xx_StdPeriph_Driver\\src\\stm32f4xx_tim.c 0x00000000   Number         0  stm32f4xx_tim.o ABSOLUTE
    ..\\..\\Libraries\\STM32F4xx_StdPeriph_Driver\\src\\stm32f4xx_usart.c 0x00000000   Number         0  stm32f4xx_usart.o ABSOLUTE
    ..\\..\\Libraries\\STM32F4xx_StdPeriph_Driver\\src\\stm32f4xx_wwdg.c 0x00000000   Number         0  stm32f4xx_wwdg.o ABSOLUTE
    ..\\..\\User\\BP_comm.c                  0x00000000   Number         0  bp_comm.o ABSOLUTE
    ..\\..\\User\\Modbus_svr.c               0x00000000   Number         0  modbus_svr.o ABSOLUTE
    ..\\..\\User\\SysTick.c                  0x00000000   Number         0  systick.o ABSOLUTE
    ..\\..\\User\\bsp_innerflash.c           0x00000000   Number         0  bsp_innerflash.o ABSOLUTE
    ..\\..\\User\\gpio.c                     0x00000000   Number         0  gpio.o ABSOLUTE
    ..\\..\\User\\main.c                     0x00000000   Number         0  main.o ABSOLUTE
    ..\\..\\User\\spd_comm.c                 0x00000000   Number         0  spd_comm.o ABSOLUTE
    ..\\..\\User\\stm32f4xx_it.c             0x00000000   Number         0  stm32f4xx_it.o ABSOLUTE
    ..\\..\\User\\usart_dam.c                0x00000000   Number         0  usart_dam.o ABSOLUTE
    ..\\..\\User\\usart_dpt.c                0x00000000   Number         0  usart_dpt.o ABSOLUTE
    ..\\..\\User\\usart_spd1.c               0x00000000   Number         0  usart_spd1.o ABSOLUTE
    ..\\..\\User\\usart_spd2.c               0x00000000   Number         0  usart_spd2.o ABSOLUTE
    ..\\..\\User\\usart_spd3.c               0x00000000   Number         0  usart_spd3.o ABSOLUTE
    cdcmple.s                                0x00000000   Number         0  cdcmple.o ABSOLUTE
    cdrcmple.s                               0x00000000   Number         0  cdrcmple.o ABSOLUTE
    dc.s                                     0x00000000   Number         0  dc.o ABSOLUTE
    handlers.s                               0x00000000   Number         0  handlers.o ABSOLUTE
    init.s                                   0x00000000   Number         0  init.o ABSOLUTE
    RESET                                    0x08000000   Section      428  startup_stm32f429_439xx.o(RESET)
    .ARM.Collect$$$$00000000                 0x080001ac   Section        0  entry.o(.ARM.Collect$$$$00000000)
    .ARM.Collect$$$$00000001                 0x080001ac   Section        4  entry2.o(.ARM.Collect$$$$00000001)
    .ARM.Collect$$$$00000004                 0x080001b0   Section        4  entry5.o(.ARM.Collect$$$$00000004)
    .ARM.Collect$$$$00000008                 0x080001b4   Section        0  entry7b.o(.ARM.Collect$$$$00000008)
    .ARM.Collect$$$$0000000A                 0x080001b4   Section        0  entry8b.o(.ARM.Collect$$$$0000000A)
    .ARM.Collect$$$$0000000B                 0x080001b4   Section        8  entry9a.o(.ARM.Collect$$$$0000000B)
    .ARM.Collect$$$$0000000D                 0x080001bc   Section        0  entry10a.o(.ARM.Collect$$$$0000000D)
    .ARM.Collect$$$$0000000F                 0x080001bc   Section        0  entry11a.o(.ARM.Collect$$$$0000000F)
    .ARM.Collect$$$$00002712                 0x080001bc   Section        4  entry2.o(.ARM.Collect$$$$00002712)
    __lit__00000000                          0x080001bc   Data           4  entry2.o(.ARM.Collect$$$$00002712)
    .text                                    0x080001c0   Section       36  startup_stm32f429_439xx.o(.text)
    $v0                                      0x080001c0   Number         0  startup_stm32f429_439xx.o(.text)
    .text                                    0x080001e4   Section        0  memseta.o(.text)
    .text                                    0x08000208   Section        0  __0sscanf.o(.text)
    .text                                    0x08000240   Section        0  scanf_fp.o(.text)
    _fp_value                                0x08000241   Thumb Code   296  scanf_fp.o(.text)
    .text                                    0x080005a0   Section        0  dmul.o(.text)
    .text                                    0x08000684   Section        0  ddiv.o(.text)
    .text                                    0x08000762   Section        0  f2d.o(.text)
    .text                                    0x08000788   Section        0  d2f.o(.text)
    .text                                    0x080007c0   Section        0  uidiv.o(.text)
    .text                                    0x080007ec   Section        0  llshl.o(.text)
    .text                                    0x0800080c   Section        0  scanf_char.o(.text)
    _scanf_char_input                        0x0800080d   Thumb Code    12  scanf_char.o(.text)
    .text                                    0x08000834   Section        0  _sgetc.o(.text)
    .text                                    0x08000874   Section        0  iusefp.o(.text)
    .text                                    0x08000874   Section        0  fepilogue.o(.text)
    .text                                    0x080008e2   Section        0  depilogue.o(.text)
    .text                                    0x0800099c   Section        0  dfltul.o(.text)
    .text                                    0x080009b4   Section       36  init.o(.text)
    .text                                    0x080009d8   Section        0  llushr.o(.text)
    .text                                    0x080009f8   Section        0  isspace_c.o(.text)
    .text                                    0x08000a04   Section        0  _scanf.o(.text)
    .text                                    0x08000d30   Section        0  ctype_c.o(.text)
    .text                                    0x08000d58   Section        0  __dczerorl2.o(.text)
    i.BusFault_Handler                       0x08000dae   Section        0  stm32f4xx_it.o(i.BusFault_Handler)
    i.CRC16                                  0x08000db0   Section        0  modbus_svr.o(i.CRC16)
    i.DAM_Config                             0x08000dd8   Section        0  usart_dam.o(i.DAM_Config)
    DAM_Config                               0x08000dd9   Thumb Code   162  usart_dam.o(i.DAM_Config)
    i.DAM_Init                               0x08000e84   Section        0  usart_dam.o(i.DAM_Init)
    i.DAM_NVIC_Configuration                 0x08000ed0   Section        0  usart_dam.o(i.DAM_NVIC_Configuration)
    DAM_NVIC_Configuration                   0x08000ed1   Thumb Code    40  usart_dam.o(i.DAM_NVIC_Configuration)
    i.DAM_Task                               0x08000ef8   Section        0  usart_dam.o(i.DAM_Task)
    i.DAM_TxCmd                              0x08000f54   Section        0  usart_dam.o(i.DAM_TxCmd)
    i.DPT_Config                             0x08000fc0   Section        0  usart_dpt.o(i.DPT_Config)
    DPT_Config                               0x08000fc1   Thumb Code   160  usart_dpt.o(i.DPT_Config)
    i.DPT_Init                               0x08001068   Section        0  usart_dpt.o(i.DPT_Init)
    i.DPT_NVIC_Configuration                 0x080010a4   Section        0  usart_dpt.o(i.DPT_NVIC_Configuration)
    DPT_NVIC_Configuration                   0x080010a5   Thumb Code    40  usart_dpt.o(i.DPT_NVIC_Configuration)
    i.DPT_Task                               0x080010cc   Section        0  usart_dpt.o(i.DPT_Task)
    i.DebugMon_Handler                       0x08001218   Section        0  stm32f4xx_it.o(i.DebugMon_Handler)
    i.Error_response                         0x0800121c   Section        0  modbus_svr.o(i.Error_response)
    i.FLASH_ClearFlag                        0x08001268   Section        0  stm32f4xx_flash.o(i.FLASH_ClearFlag)
    i.FLASH_EraseSector                      0x08001274   Section        0  stm32f4xx_flash.o(i.FLASH_EraseSector)
    i.FLASH_GetStatus                        0x080012e4   Section        0  stm32f4xx_flash.o(i.FLASH_GetStatus)
    i.FLASH_Lock                             0x08001320   Section        0  stm32f4xx_flash.o(i.FLASH_Lock)
    i.FLASH_ProgramHalfWord                  0x08001330   Section        0  stm32f4xx_flash.o(i.FLASH_ProgramHalfWord)
    i.FLASH_Unlock                           0x0800136c   Section        0  stm32f4xx_flash.o(i.FLASH_Unlock)
    i.FLASH_WaitForLastOperation             0x08001390   Section        0  stm32f4xx_flash.o(i.FLASH_WaitForLastOperation)
    i.Flash_GetSector                        0x080013b4   Section        0  bsp_innerflash.o(i.Flash_GetSector)
    i.Flash_Read16BitDatas                   0x08001470   Section        0  bsp_innerflash.o(i.Flash_Read16BitDatas)
    i.Flash_Write16BitDatas                  0x08001488   Section        0  bsp_innerflash.o(i.Flash_Write16BitDatas)
    i.ForceToDigitout                        0x080014ec   Section        0  spd_comm.o(i.ForceToDigitout)
    i.Fuzzy_PIDParameter_step                0x0800156c   Section        0  spd_comm.o(i.Fuzzy_PIDParameter_step)
    i.Fuzzy_controller                       0x08001790   Section        0  spd_comm.o(i.Fuzzy_controller)
    i.Fuzzy_trimf                            0x0800193c   Section        0  spd_comm.o(i.Fuzzy_trimf)
    i.GPIO_Config                            0x0800198c   Section        0  gpio.o(i.GPIO_Config)
    i.GPIO_Init                              0x080019e0   Section        0  stm32f4xx_gpio.o(i.GPIO_Init)
    i.GPIO_PinAFConfig                       0x08001a5c   Section        0  stm32f4xx_gpio.o(i.GPIO_PinAFConfig)
    i.GPIO_SetBits                           0x08001a7c   Section        0  stm32f4xx_gpio.o(i.GPIO_SetBits)
    i.GetCurTick                             0x08001a80   Section        0  systick.o(i.GetCurTick)
    i.GetTimer                               0x08001a8c   Section        0  systick.o(i.GetTimer)
    i.HardFault_Handler                      0x08001ab4   Section        0  stm32f4xx_it.o(i.HardFault_Handler)
    i.IWDG_Configuration                     0x08001ab6   Section        0  gpio.o(i.IWDG_Configuration)
    i.IWDG_Enable                            0x08001adc   Section        0  stm32f4xx_iwdg.o(i.IWDG_Enable)
    i.IWDG_Feed                              0x08001aec   Section        0  gpio.o(i.IWDG_Feed)
    i.IWDG_ReloadCounter                     0x08001afc   Section        0  stm32f4xx_iwdg.o(i.IWDG_ReloadCounter)
    i.IWDG_SetPrescaler                      0x08001b0c   Section        0  stm32f4xx_iwdg.o(i.IWDG_SetPrescaler)
    i.IWDG_SetReload                         0x08001b18   Section        0  stm32f4xx_iwdg.o(i.IWDG_SetReload)
    i.IWDG_WriteAccessCmd                    0x08001b24   Section        0  stm32f4xx_iwdg.o(i.IWDG_WriteAccessCmd)
    i.MODBUS_Config                          0x08001b30   Section        0  modbus_svr.o(i.MODBUS_Config)
    MODBUS_Config                            0x08001b31   Thumb Code   158  modbus_svr.o(i.MODBUS_Config)
    i.MODBUS_NVIC_Configuration              0x08001bd8   Section        0  modbus_svr.o(i.MODBUS_NVIC_Configuration)
    MODBUS_NVIC_Configuration                0x08001bd9   Thumb Code    38  modbus_svr.o(i.MODBUS_NVIC_Configuration)
    i.MemManage_Handler                      0x08001bfe   Section        0  stm32f4xx_it.o(i.MemManage_Handler)
    i.ModbusTimer                            0x08001c00   Section        0  modbus_svr.o(i.ModbusTimer)
    i.Modbus_Procotol_Chain                  0x08001c10   Section        0  modbus_svr.o(i.Modbus_Procotol_Chain)
    i.Modbus_init                            0x08001e4c   Section        0  modbus_svr.o(i.Modbus_init)
    i.Modbus_task                            0x08001ef4   Section        0  modbus_svr.o(i.Modbus_task)
    i.NMI_Handler                            0x08001f40   Section        0  stm32f4xx_it.o(i.NMI_Handler)
    i.NVIC_Init                              0x08001f44   Section        0  misc.o(i.NVIC_Init)
    i.NVIC_PriorityGroupConfig               0x08001fac   Section        0  misc.o(i.NVIC_PriorityGroupConfig)
    i.Normal_response                        0x08001fc0   Section        0  modbus_svr.o(i.Normal_response)
    i.PIDMod_initialize                      0x08002014   Section        0  spd_comm.o(i.PIDMod_initialize)
    i.PIDMod_step                            0x08002030   Section        0  spd_comm.o(i.PIDMod_step)
    i.PIDMod_update_para                     0x08002188   Section        0  spd_comm.o(i.PIDMod_update_para)
    i.PID_controller                         0x080021d0   Section        0  spd_comm.o(i.PID_controller)
    i.PendSV_Handler                         0x0800224c   Section        0  stm32f4xx_it.o(i.PendSV_Handler)
    i.RCC_AHB1PeriphClockCmd                 0x08002250   Section        0  stm32f4xx_rcc.o(i.RCC_AHB1PeriphClockCmd)
    i.RCC_APB1PeriphClockCmd                 0x0800226c   Section        0  stm32f4xx_rcc.o(i.RCC_APB1PeriphClockCmd)
    i.RCC_APB2PeriphClockCmd                 0x08002288   Section        0  stm32f4xx_rcc.o(i.RCC_APB2PeriphClockCmd)
    i.RCC_GetClocksFreq                      0x080022a4   Section        0  stm32f4xx_rcc.o(i.RCC_GetClocksFreq)
    i.SPD1_Config                            0x08002348   Section        0  usart_spd1.o(i.SPD1_Config)
    SPD1_Config                              0x08002349   Thumb Code   160  usart_spd1.o(i.SPD1_Config)
    i.SPD1_Init                              0x080023f0   Section        0  usart_spd1.o(i.SPD1_Init)
    i.SPD1_NVIC_Configuration                0x0800244c   Section        0  usart_spd1.o(i.SPD1_NVIC_Configuration)
    SPD1_NVIC_Configuration                  0x0800244d   Thumb Code    40  usart_spd1.o(i.SPD1_NVIC_Configuration)
    i.SPD1_Task                              0x08002474   Section        0  usart_spd1.o(i.SPD1_Task)
    i.SPD1_TxCmd                             0x08002548   Section        0  usart_spd1.o(i.SPD1_TxCmd)
    i.SPD2_Config                            0x080025c0   Section        0  usart_spd2.o(i.SPD2_Config)
    SPD2_Config                              0x080025c1   Thumb Code   160  usart_spd2.o(i.SPD2_Config)
    i.SPD2_Init                              0x08002668   Section        0  usart_spd2.o(i.SPD2_Init)
    i.SPD2_NVIC_Configuration                0x080026c4   Section        0  usart_spd2.o(i.SPD2_NVIC_Configuration)
    SPD2_NVIC_Configuration                  0x080026c5   Thumb Code    40  usart_spd2.o(i.SPD2_NVIC_Configuration)
    i.SPD2_Task                              0x080026ec   Section        0  usart_spd2.o(i.SPD2_Task)
    i.SPD2_TxCmd                             0x080027c0   Section        0  usart_spd2.o(i.SPD2_TxCmd)
    i.SPD3_Config                            0x08002838   Section        0  usart_spd3.o(i.SPD3_Config)
    SPD3_Config                              0x08002839   Thumb Code   160  usart_spd3.o(i.SPD3_Config)
    i.SPD3_Init                              0x080028e0   Section        0  usart_spd3.o(i.SPD3_Init)
    i.SPD3_NVIC_Configuration                0x0800293c   Section        0  usart_spd3.o(i.SPD3_NVIC_Configuration)
    SPD3_NVIC_Configuration                  0x0800293d   Thumb Code    40  usart_spd3.o(i.SPD3_NVIC_Configuration)
    i.SPD3_Task                              0x08002964   Section        0  usart_spd3.o(i.SPD3_Task)
    i.SPD3_TxCmd                             0x08002a44   Section        0  usart_spd3.o(i.SPD3_TxCmd)
    i.SVC_Handler                            0x08002ac0   Section        0  stm32f4xx_it.o(i.SVC_Handler)
    i.SetSysClock                            0x08002ac4   Section        0  system_stm32f4xx.o(i.SetSysClock)
    SetSysClock                              0x08002ac5   Thumb Code   196  system_stm32f4xx.o(i.SetSysClock)
    i.SetTimer                               0x08002b98   Section        0  systick.o(i.SetTimer)
    i.SpdQueueAvgVal                         0x08002bb0   Section        0  spd_comm.o(i.SpdQueueAvgVal)
    i.SpdQueueIn                             0x08002bca   Section        0  spd_comm.o(i.SpdQueueIn)
    i.SpdQueueInit                           0x08002c0a   Section        0  spd_comm.o(i.SpdQueueInit)
    i.SysTick_Handler                        0x08002c28   Section        0  systick.o(i.SysTick_Handler)
    i.SysTick_Init                           0x08002c68   Section        0  systick.o(i.SysTick_Init)
    i.SystemInit                             0x08002cd0   Section        0  system_stm32f4xx.o(i.SystemInit)
    i.Thruster_out                           0x08002d2c   Section        0  spd_comm.o(i.Thruster_out)
    i.Thruster_step                          0x08002d84   Section        0  spd_comm.o(i.Thruster_step)
    i.UART4_IRQHandler                       0x08002e40   Section        0  usart_dam.o(i.UART4_IRQHandler)
    i.UART7_IRQHandler                       0x08002e90   Section        0  usart_spd2.o(i.UART7_IRQHandler)
    i.USART1_IRQHandler                      0x08002ee0   Section        0  modbus_svr.o(i.USART1_IRQHandler)
    i.USART2_IRQHandler                      0x08002f48   Section        0  usart_spd3.o(i.USART2_IRQHandler)
    i.USART3_IRQHandler                      0x08002f98   Section        0  usart_spd1.o(i.USART3_IRQHandler)
    i.USART6_IRQHandler                      0x08002fe8   Section        0  usart_dpt.o(i.USART6_IRQHandler)
    i.USART_Cmd                              0x08003078   Section        0  stm32f4xx_usart.o(i.USART_Cmd)
    i.USART_GetFlagStatus                    0x08003090   Section        0  stm32f4xx_usart.o(i.USART_GetFlagStatus)
    i.USART_GetITStatus                      0x0800309e   Section        0  stm32f4xx_usart.o(i.USART_GetITStatus)
    i.USART_ITConfig                         0x080030de   Section        0  stm32f4xx_usart.o(i.USART_ITConfig)
    i.USART_Init                             0x08003114   Section        0  stm32f4xx_usart.o(i.USART_Init)
    i.USART_ReceiveData                      0x080031d0   Section        0  stm32f4xx_usart.o(i.USART_ReceiveData)
    i.USART_SendData                         0x080031d8   Section        0  stm32f4xx_usart.o(i.USART_SendData)
    i.UsageFault_Handler                     0x080031e0   Section        0  stm32f4xx_it.o(i.UsageFault_Handler)
    i.Usart_SendByte                         0x080031e2   Section        0  modbus_svr.o(i.Usart_SendByte)
    i.Usart_SendBytes                        0x080031fa   Section        0  modbus_svr.o(i.Usart_SendBytes)
    i.Usart_SendString                       0x08003228   Section        0  modbus_svr.o(i.Usart_SendString)
    i.__0sprintf$1                           0x08003250   Section        0  printf1.o(i.__0sprintf$1)
    i.__scatterload_copy                     0x08003278   Section       14  handlers.o(i.__scatterload_copy)
    i.__scatterload_null                     0x08003286   Section        2  handlers.o(i.__scatterload_null)
    i.__scatterload_zeroinit                 0x08003288   Section       14  handlers.o(i.__scatterload_zeroinit)
    i._is_digit                              0x08003296   Section        0  scanf_fp.o(i._is_digit)
    i._printf_core                           0x080032a4   Section        0  printf1.o(i._printf_core)
    _printf_core                             0x080032a5   Thumb Code   336  printf1.o(i._printf_core)
    i._sputc                                 0x080033f8   Section        0  printf1.o(i._sputc)
    _sputc                                   0x080033f9   Thumb Code    10  printf1.o(i._sputc)
    i.main                                   0x08003404   Section        0  main.o(i.main)
    i.map_angle2resistance                   0x0800375c   Section        0  plant.o(i.map_angle2resistance)
    i.plant_init                             0x08003830   Section        0  plant.o(i.plant_init)
    i.plant_step                             0x08003864   Section        0  plant.o(i.plant_step)
    i.plant_water_set                        0x080038ec   Section        0  plant.o(i.plant_water_set)
    .constdata                               0x08003900   Section      512  modbus_svr.o(.constdata)
    wCRCTable                                0x08003900   Data         512  modbus_svr.o(.constdata)
    .constdata                               0x08003b00   Section       64  ctype_c.o(.constdata)
    .data                                    0x20000000   Section       20  system_stm32f4xx.o(.data)
    .data                                    0x20000014   Section       16  stm32f4xx_rcc.o(.data)
    APBAHBPrescTable                         0x20000014   Data          16  stm32f4xx_rcc.o(.data)
    .data                                    0x20000024   Section       16  modbus_svr.o(.data)
    .data                                    0x20000034   Section        8  systick.o(.data)
    TimingDelay                              0x20000034   Data           4  systick.o(.data)
    .data                                    0x2000003c   Section      784  spd_comm.o(.data)
    .data                                    0x2000034c   Section       16  usart_spd3.o(.data)
    .data                                    0x2000035c   Section       16  usart_spd1.o(.data)
    .data                                    0x2000036c   Section       16  usart_spd2.o(.data)
    .data                                    0x2000037c   Section       28  usart_dpt.o(.data)
    .data                                    0x20000398   Section       25  usart_dam.o(.data)
    .data                                    0x200003b4   Section      100  plant.o(.data)
    .bss                                     0x20000418   Section       72  main.o(.bss)
    .bss                                     0x20000460   Section     1312  modbus_svr.o(.bss)
    .bss                                     0x20000980   Section       50  systick.o(.bss)
    .bss                                     0x200009b4   Section      308  usart_spd3.o(.bss)
    .bss                                     0x20000ae8   Section      308  usart_spd1.o(.bss)
    .bss                                     0x20000c1c   Section      308  usart_spd2.o(.bss)
    .bss                                     0x20000d50   Section      256  usart_dpt.o(.bss)
    .bss                                     0x20000e50   Section      256  usart_dam.o(.bss)
    .bss                                     0x20000f50   Section       40  plant.o(.bss)
    STACK                                    0x20000f78   Section     1024  startup_stm32f429_439xx.o(STACK)

    Global Symbols

    Symbol Name                              Value     Ov Type        Size  Object(Section)

    BuildAttributes$$THM_ISAv4$E$P$D$K$B$S$7EM$VFPi3$EXTD16$VFPS$VFMA$PE$A:L22UL41UL21$X:L11$S22US41US21$IEEE1$IW$USESV6$~STKCKD$USESV7$~SHL$OTIME$ROPI$IEEEX$EBA8$MICROLIB$REQ8$PRES8$EABIv2 0x00000000   Number         0  anon$$obj.o ABSOLUTE
    __ARM_use_no_argv                        0x00000000   Number         0  main.o ABSOLUTE
    _printf_a                                0x00000000   Number         0  stubs.o ABSOLUTE
    _printf_c                                0x00000000   Number         0  stubs.o ABSOLUTE
    _printf_charcount                        0x00000000   Number         0  stubs.o ABSOLUTE
    _printf_d                                0x00000000   Number         0  stubs.o ABSOLUTE
    _printf_e                                0x00000000   Number         0  stubs.o ABSOLUTE
    _printf_f                                0x00000000   Number         0  stubs.o ABSOLUTE
    _printf_flags                            0x00000000   Number         0  stubs.o ABSOLUTE
    _printf_fp_dec                           0x00000000   Number         0  stubs.o ABSOLUTE
    _printf_fp_hex                           0x00000000   Number         0  stubs.o ABSOLUTE
    _printf_g                                0x00000000   Number         0  stubs.o ABSOLUTE
    _printf_i                                0x00000000   Number         0  stubs.o ABSOLUTE
    _printf_int_dec                          0x00000000   Number         0  stubs.o ABSOLUTE
    _printf_l                                0x00000000   Number         0  stubs.o ABSOLUTE
    _printf_lc                               0x00000000   Number         0  stubs.o ABSOLUTE
    _printf_ll                               0x00000000   Number         0  stubs.o ABSOLUTE
    _printf_lld                              0x00000000   Number         0  stubs.o ABSOLUTE
    _printf_lli                              0x00000000   Number         0  stubs.o ABSOLUTE
    _printf_llo                              0x00000000   Number         0  stubs.o ABSOLUTE
    _printf_llu                              0x00000000   Number         0  stubs.o ABSOLUTE
    _printf_llx                              0x00000000   Number         0  stubs.o ABSOLUTE
    _printf_longlong_dec                     0x00000000   Number         0  stubs.o ABSOLUTE
    _printf_longlong_hex                     0x00000000   Number         0  stubs.o ABSOLUTE
    _printf_longlong_oct                     0x00000000   Number         0  stubs.o ABSOLUTE
    _printf_ls                               0x00000000   Number         0  stubs.o ABSOLUTE
    _printf_mbtowc                           0x00000000   Number         0  stubs.o ABSOLUTE
    _printf_n                                0x00000000   Number         0  stubs.o ABSOLUTE
    _printf_o                                0x00000000   Number         0  stubs.o ABSOLUTE
    _printf_p                                0x00000000   Number         0  stubs.o ABSOLUTE
    _printf_percent                          0x00000000   Number         0  stubs.o ABSOLUTE
    _printf_pre_padding                      0x00000000   Number         0  stubs.o ABSOLUTE
    _printf_return_value                     0x00000000   Number         0  stubs.o ABSOLUTE
    _printf_s                                0x00000000   Number         0  stubs.o ABSOLUTE
    _printf_sizespec                         0x00000000   Number         0  stubs.o ABSOLUTE
    _printf_str                              0x00000000   Number         0  stubs.o ABSOLUTE
    _printf_truncate_signed                  0x00000000   Number         0  stubs.o ABSOLUTE
    _printf_truncate_unsigned                0x00000000   Number         0  stubs.o ABSOLUTE
    _printf_u                                0x00000000   Number         0  stubs.o ABSOLUTE
    _printf_wc                               0x00000000   Number         0  stubs.o ABSOLUTE
    _printf_wctomb                           0x00000000   Number         0  stubs.o ABSOLUTE
    _printf_widthprec                        0x00000000   Number         0  stubs.o ABSOLUTE
    _printf_x                                0x00000000   Number         0  stubs.o ABSOLUTE
    __cpp_initialize__aeabi_                  - Undefined Weak Reference
    __cxa_finalize                            - Undefined Weak Reference
    _clock_init                               - Undefined Weak Reference
    _microlib_exit                            - Undefined Weak Reference
    _scanf_int                                - Undefined Weak Reference
    _scanf_longlong                           - Undefined Weak Reference
    _scanf_string                             - Undefined Weak Reference
    __Vectors_Size                           0x000001ac   Number         0  startup_stm32f429_439xx.o ABSOLUTE
    __Vectors                                0x08000000   Data           4  startup_stm32f429_439xx.o(RESET)
    __Vectors_End                            0x080001ac   Data           0  startup_stm32f429_439xx.o(RESET)
    __main                                   0x080001ad   Thumb Code     0  entry.o(.ARM.Collect$$$$00000000)
    _main_stk                                0x080001ad   Thumb Code     0  entry2.o(.ARM.Collect$$$$00000001)
    _main_scatterload                        0x080001b1   Thumb Code     0  entry5.o(.ARM.Collect$$$$00000004)
    __main_after_scatterload                 0x080001b5   Thumb Code     0  entry5.o(.ARM.Collect$$$$00000004)
    _main_clock                              0x080001b5   Thumb Code     0  entry7b.o(.ARM.Collect$$$$00000008)
    _main_cpp_init                           0x080001b5   Thumb Code     0  entry8b.o(.ARM.Collect$$$$0000000A)
    _main_init                               0x080001b5   Thumb Code     0  entry9a.o(.ARM.Collect$$$$0000000B)
    __rt_final_cpp                           0x080001bd   Thumb Code     0  entry10a.o(.ARM.Collect$$$$0000000D)
    __rt_final_exit                          0x080001bd   Thumb Code     0  entry11a.o(.ARM.Collect$$$$0000000F)
    Reset_Handler                            0x080001c1   Thumb Code     8  startup_stm32f429_439xx.o(.text)
    ADC_IRQHandler                           0x080001db   Thumb Code     0  startup_stm32f429_439xx.o(.text)
    CAN1_RX0_IRQHandler                      0x080001db   Thumb Code     0  startup_stm32f429_439xx.o(.text)
    CAN1_RX1_IRQHandler                      0x080001db   Thumb Code     0  startup_stm32f429_439xx.o(.text)
    CAN1_SCE_IRQHandler                      0x080001db   Thumb Code     0  startup_stm32f429_439xx.o(.text)
    CAN1_TX_IRQHandler                       0x080001db   Thumb Code     0  startup_stm32f429_439xx.o(.text)
    CAN2_RX0_IRQHandler                      0x080001db   Thumb Code     0  startup_stm32f429_439xx.o(.text)
    CAN2_RX1_IRQHandler                      0x080001db   Thumb Code     0  startup_stm32f429_439xx.o(.text)
    CAN2_SCE_IRQHandler                      0x080001db   Thumb Code     0  startup_stm32f429_439xx.o(.text)
    CAN2_TX_IRQHandler                       0x080001db   Thumb Code     0  startup_stm32f429_439xx.o(.text)
    CRYP_IRQHandler                          0x080001db   Thumb Code     0  startup_stm32f429_439xx.o(.text)
    DCMI_IRQHandler                          0x080001db   Thumb Code     0  startup_stm32f429_439xx.o(.text)
    DMA1_Stream0_IRQHandler                  0x080001db   Thumb Code     0  startup_stm32f429_439xx.o(.text)
    DMA1_Stream1_IRQHandler                  0x080001db   Thumb Code     0  startup_stm32f429_439xx.o(.text)
    DMA1_Stream2_IRQHandler                  0x080001db   Thumb Code     0  startup_stm32f429_439xx.o(.text)
    DMA1_Stream3_IRQHandler                  0x080001db   Thumb Code     0  startup_stm32f429_439xx.o(.text)
    DMA1_Stream4_IRQHandler                  0x080001db   Thumb Code     0  startup_stm32f429_439xx.o(.text)
    DMA1_Stream5_IRQHandler                  0x080001db   Thumb Code     0  startup_stm32f429_439xx.o(.text)
    DMA1_Stream6_IRQHandler                  0x080001db   Thumb Code     0  startup_stm32f429_439xx.o(.text)
    DMA1_Stream7_IRQHandler                  0x080001db   Thumb Code     0  startup_stm32f429_439xx.o(.text)
    DMA2D_IRQHandler                         0x080001db   Thumb Code     0  startup_stm32f429_439xx.o(.text)
    DMA2_Stream0_IRQHandler                  0x080001db   Thumb Code     0  startup_stm32f429_439xx.o(.text)
    DMA2_Stream1_IRQHandler                  0x080001db   Thumb Code     0  startup_stm32f429_439xx.o(.text)
    DMA2_Stream2_IRQHandler                  0x080001db   Thumb Code     0  startup_stm32f429_439xx.o(.text)
    DMA2_Stream3_IRQHandler                  0x080001db   Thumb Code     0  startup_stm32f429_439xx.o(.text)
    DMA2_Stream4_IRQHandler                  0x080001db   Thumb Code     0  startup_stm32f429_439xx.o(.text)
    DMA2_Stream5_IRQHandler                  0x080001db   Thumb Code     0  startup_stm32f429_439xx.o(.text)
    DMA2_Stream6_IRQHandler                  0x080001db   Thumb Code     0  startup_stm32f429_439xx.o(.text)
    DMA2_Stream7_IRQHandler                  0x080001db   Thumb Code     0  startup_stm32f429_439xx.o(.text)
    ETH_IRQHandler                           0x080001db   Thumb Code     0  startup_stm32f429_439xx.o(.text)
    ETH_WKUP_IRQHandler                      0x080001db   Thumb Code     0  startup_stm32f429_439xx.o(.text)
    EXTI0_IRQHandler                         0x080001db   Thumb Code     0  startup_stm32f429_439xx.o(.text)
    EXTI15_10_IRQHandler                     0x080001db   Thumb Code     0  startup_stm32f429_439xx.o(.text)
    EXTI1_IRQHandler                         0x080001db   Thumb Code     0  startup_stm32f429_439xx.o(.text)
    EXTI2_IRQHandler                         0x080001db   Thumb Code     0  startup_stm32f429_439xx.o(.text)
    EXTI3_IRQHandler                         0x080001db   Thumb Code     0  startup_stm32f429_439xx.o(.text)
    EXTI4_IRQHandler                         0x080001db   Thumb Code     0  startup_stm32f429_439xx.o(.text)
    EXTI9_5_IRQHandler                       0x080001db   Thumb Code     0  startup_stm32f429_439xx.o(.text)
    FLASH_IRQHandler                         0x080001db   Thumb Code     0  startup_stm32f429_439xx.o(.text)
    FMC_IRQHandler                           0x080001db   Thumb Code     0  startup_stm32f429_439xx.o(.text)
    FPU_IRQHandler                           0x080001db   Thumb Code     0  startup_stm32f429_439xx.o(.text)
    HASH_RNG_IRQHandler                      0x080001db   Thumb Code     0  startup_stm32f429_439xx.o(.text)
    I2C1_ER_IRQHandler                       0x080001db   Thumb Code     0  startup_stm32f429_439xx.o(.text)
    I2C1_EV_IRQHandler                       0x080001db   Thumb Code     0  startup_stm32f429_439xx.o(.text)
    I2C2_ER_IRQHandler                       0x080001db   Thumb Code     0  startup_stm32f429_439xx.o(.text)
    I2C2_EV_IRQHandler                       0x080001db   Thumb Code     0  startup_stm32f429_439xx.o(.text)
    I2C3_ER_IRQHandler                       0x080001db   Thumb Code     0  startup_stm32f429_439xx.o(.text)
    I2C3_EV_IRQHandler                       0x080001db   Thumb Code     0  startup_stm32f429_439xx.o(.text)
    LTDC_ER_IRQHandler                       0x080001db   Thumb Code     0  startup_stm32f429_439xx.o(.text)
    LTDC_IRQHandler                          0x080001db   Thumb Code     0  startup_stm32f429_439xx.o(.text)
    OTG_FS_IRQHandler                        0x080001db   Thumb Code     0  startup_stm32f429_439xx.o(.text)
    OTG_FS_WKUP_IRQHandler                   0x080001db   Thumb Code     0  startup_stm32f429_439xx.o(.text)
    OTG_HS_EP1_IN_IRQHandler                 0x080001db   Thumb Code     0  startup_stm32f429_439xx.o(.text)
    OTG_HS_EP1_OUT_IRQHandler                0x080001db   Thumb Code     0  startup_stm32f429_439xx.o(.text)
    OTG_HS_IRQHandler                        0x080001db   Thumb Code     0  startup_stm32f429_439xx.o(.text)
    OTG_HS_WKUP_IRQHandler                   0x080001db   Thumb Code     0  startup_stm32f429_439xx.o(.text)
    PVD_IRQHandler                           0x080001db   Thumb Code     0  startup_stm32f429_439xx.o(.text)
    RCC_IRQHandler                           0x080001db   Thumb Code     0  startup_stm32f429_439xx.o(.text)
    RTC_Alarm_IRQHandler                     0x080001db   Thumb Code     0  startup_stm32f429_439xx.o(.text)
    RTC_WKUP_IRQHandler                      0x080001db   Thumb Code     0  startup_stm32f429_439xx.o(.text)
    SAI1_IRQHandler                          0x080001db   Thumb Code     0  startup_stm32f429_439xx.o(.text)
    SDIO_IRQHandler                          0x080001db   Thumb Code     0  startup_stm32f429_439xx.o(.text)
    SPI1_IRQHandler                          0x080001db   Thumb Code     0  startup_stm32f429_439xx.o(.text)
    SPI2_IRQHandler                          0x080001db   Thumb Code     0  startup_stm32f429_439xx.o(.text)
    SPI3_IRQHandler                          0x080001db   Thumb Code     0  startup_stm32f429_439xx.o(.text)
    SPI4_IRQHandler                          0x080001db   Thumb Code     0  startup_stm32f429_439xx.o(.text)
    SPI5_IRQHandler                          0x080001db   Thumb Code     0  startup_stm32f429_439xx.o(.text)
    SPI6_IRQHandler                          0x080001db   Thumb Code     0  startup_stm32f429_439xx.o(.text)
    TAMP_STAMP_IRQHandler                    0x080001db   Thumb Code     0  startup_stm32f429_439xx.o(.text)
    TIM1_BRK_TIM9_IRQHandler                 0x080001db   Thumb Code     0  startup_stm32f429_439xx.o(.text)
    TIM1_CC_IRQHandler                       0x080001db   Thumb Code     0  startup_stm32f429_439xx.o(.text)
    TIM1_TRG_COM_TIM11_IRQHandler            0x080001db   Thumb Code     0  startup_stm32f429_439xx.o(.text)
    TIM1_UP_TIM10_IRQHandler                 0x080001db   Thumb Code     0  startup_stm32f429_439xx.o(.text)
    TIM2_IRQHandler                          0x080001db   Thumb Code     0  startup_stm32f429_439xx.o(.text)
    TIM3_IRQHandler                          0x080001db   Thumb Code     0  startup_stm32f429_439xx.o(.text)
    TIM4_IRQHandler                          0x080001db   Thumb Code     0  startup_stm32f429_439xx.o(.text)
    TIM5_IRQHandler                          0x080001db   Thumb Code     0  startup_stm32f429_439xx.o(.text)
    TIM6_DAC_IRQHandler                      0x080001db   Thumb Code     0  startup_stm32f429_439xx.o(.text)
    TIM7_IRQHandler                          0x080001db   Thumb Code     0  startup_stm32f429_439xx.o(.text)
    TIM8_BRK_TIM12_IRQHandler                0x080001db   Thumb Code     0  startup_stm32f429_439xx.o(.text)
    TIM8_CC_IRQHandler                       0x080001db   Thumb Code     0  startup_stm32f429_439xx.o(.text)
    TIM8_TRG_COM_TIM14_IRQHandler            0x080001db   Thumb Code     0  startup_stm32f429_439xx.o(.text)
    TIM8_UP_TIM13_IRQHandler                 0x080001db   Thumb Code     0  startup_stm32f429_439xx.o(.text)
    UART5_IRQHandler                         0x080001db   Thumb Code     0  startup_stm32f429_439xx.o(.text)
    UART8_IRQHandler                         0x080001db   Thumb Code     0  startup_stm32f429_439xx.o(.text)
    WWDG_IRQHandler                          0x080001db   Thumb Code     0  startup_stm32f429_439xx.o(.text)
    __aeabi_memset                           0x080001e5   Thumb Code    14  memseta.o(.text)
    __aeabi_memset4                          0x080001e5   Thumb Code     0  memseta.o(.text)
    __aeabi_memset8                          0x080001e5   Thumb Code     0  memseta.o(.text)
    __aeabi_memclr                           0x080001f3   Thumb Code     4  memseta.o(.text)
    __aeabi_memclr4                          0x080001f3   Thumb Code     0  memseta.o(.text)
    __aeabi_memclr8                          0x080001f3   Thumb Code     0  memseta.o(.text)
    _memset$wrapper                          0x080001f7   Thumb Code    18  memseta.o(.text)
    __0sscanf                                0x08000209   Thumb Code    48  __0sscanf.o(.text)
    _scanf_real                              0x08000369   Thumb Code     0  scanf_fp.o(.text)
    _scanf_really_real                       0x08000369   Thumb Code   556  scanf_fp.o(.text)
    __aeabi_dmul                             0x080005a1   Thumb Code   228  dmul.o(.text)
    __aeabi_ddiv                             0x08000685   Thumb Code   222  ddiv.o(.text)
    __aeabi_f2d                              0x08000763   Thumb Code    38  f2d.o(.text)
    __aeabi_d2f                              0x08000789   Thumb Code    56  d2f.o(.text)
    __aeabi_uidiv                            0x080007c1   Thumb Code     0  uidiv.o(.text)
    __aeabi_uidivmod                         0x080007c1   Thumb Code    44  uidiv.o(.text)
    __aeabi_llsl                             0x080007ed   Thumb Code    30  llshl.o(.text)
    _ll_shift_l                              0x080007ed   Thumb Code     0  llshl.o(.text)
    __vfscanf_char                           0x08000819   Thumb Code    20  scanf_char.o(.text)
    _sgetc                                   0x08000835   Thumb Code    30  _sgetc.o(.text)
    _sbackspace                              0x08000853   Thumb Code    34  _sgetc.o(.text)
    __I$use$fp                               0x08000875   Thumb Code     0  iusefp.o(.text)
    _float_round                             0x08000875   Thumb Code    18  fepilogue.o(.text)
    _float_epilogue                          0x08000887   Thumb Code    92  fepilogue.o(.text)
    _double_round                            0x080008e3   Thumb Code    30  depilogue.o(.text)
    _double_epilogue                         0x08000901   Thumb Code   156  depilogue.o(.text)
    __aeabi_ul2d                             0x0800099d   Thumb Code    24  dfltul.o(.text)
    __scatterload                            0x080009b5   Thumb Code    28  init.o(.text)
    __scatterload_rt2                        0x080009b5   Thumb Code     0  init.o(.text)
    __aeabi_llsr                             0x080009d9   Thumb Code    32  llushr.o(.text)
    _ll_ushift_r                             0x080009d9   Thumb Code     0  llushr.o(.text)
    isspace                                  0x080009f9   Thumb Code    10  isspace_c.o(.text)
    __vfscanf                                0x08000a05   Thumb Code   808  _scanf.o(.text)
    __ctype_lookup                           0x08000d31   Thumb Code    34  ctype_c.o(.text)
    __decompress                             0x08000d59   Thumb Code     0  __dczerorl2.o(.text)
    __decompress1                            0x08000d59   Thumb Code    86  __dczerorl2.o(.text)
    BusFault_Handler                         0x08000daf   Thumb Code     2  stm32f4xx_it.o(i.BusFault_Handler)
    CRC16                                    0x08000db1   Thumb Code    36  modbus_svr.o(i.CRC16)
    DAM_Init                                 0x08000e85   Thumb Code    66  usart_dam.o(i.DAM_Init)
    DAM_Task                                 0x08000ef9   Thumb Code    78  usart_dam.o(i.DAM_Task)
    DAM_TxCmd                                0x08000f55   Thumb Code    96  usart_dam.o(i.DAM_TxCmd)
    DPT_Init                                 0x08001069   Thumb Code    52  usart_dpt.o(i.DPT_Init)
    DPT_Task                                 0x080010cd   Thumb Code   294  usart_dpt.o(i.DPT_Task)
    DebugMon_Handler                         0x08001219   Thumb Code     2  stm32f4xx_it.o(i.DebugMon_Handler)
    Error_response                           0x0800121d   Thumb Code    66  modbus_svr.o(i.Error_response)
    FLASH_ClearFlag                          0x08001269   Thumb Code     6  stm32f4xx_flash.o(i.FLASH_ClearFlag)
    FLASH_EraseSector                        0x08001275   Thumb Code   106  stm32f4xx_flash.o(i.FLASH_EraseSector)
    FLASH_GetStatus                          0x080012e5   Thumb Code    56  stm32f4xx_flash.o(i.FLASH_GetStatus)
    FLASH_Lock                               0x08001321   Thumb Code    12  stm32f4xx_flash.o(i.FLASH_Lock)
    FLASH_ProgramHalfWord                    0x08001331   Thumb Code    56  stm32f4xx_flash.o(i.FLASH_ProgramHalfWord)
    FLASH_Unlock                             0x0800136d   Thumb Code    22  stm32f4xx_flash.o(i.FLASH_Unlock)
    FLASH_WaitForLastOperation               0x08001391   Thumb Code    34  stm32f4xx_flash.o(i.FLASH_WaitForLastOperation)
    Flash_GetSector                          0x080013b5   Thumb Code   146  bsp_innerflash.o(i.Flash_GetSector)
    Flash_Read16BitDatas                     0x08001471   Thumb Code    24  bsp_innerflash.o(i.Flash_Read16BitDatas)
    Flash_Write16BitDatas                    0x08001489   Thumb Code   100  bsp_innerflash.o(i.Flash_Write16BitDatas)
    ForceToDigitout                          0x080014ed   Thumb Code   102  spd_comm.o(i.ForceToDigitout)
    Fuzzy_PIDParameter_step                  0x0800156d   Thumb Code   522  spd_comm.o(i.Fuzzy_PIDParameter_step)
    Fuzzy_controller                         0x08001791   Thumb Code   398  spd_comm.o(i.Fuzzy_controller)
    Fuzzy_trimf                              0x0800193d   Thumb Code    74  spd_comm.o(i.Fuzzy_trimf)
    GPIO_Config                              0x0800198d   Thumb Code    78  gpio.o(i.GPIO_Config)
    GPIO_Init                                0x080019e1   Thumb Code   124  stm32f4xx_gpio.o(i.GPIO_Init)
    GPIO_PinAFConfig                         0x08001a5d   Thumb Code    32  stm32f4xx_gpio.o(i.GPIO_PinAFConfig)
    GPIO_SetBits                             0x08001a7d   Thumb Code     4  stm32f4xx_gpio.o(i.GPIO_SetBits)
    GetCurTick                               0x08001a81   Thumb Code     6  systick.o(i.GetCurTick)
    GetTimer                                 0x08001a8d   Thumb Code    34  systick.o(i.GetTimer)
    HardFault_Handler                        0x08001ab5   Thumb Code     2  stm32f4xx_it.o(i.HardFault_Handler)
    IWDG_Configuration                       0x08001ab7   Thumb Code    36  gpio.o(i.IWDG_Configuration)
    IWDG_Enable                              0x08001add   Thumb Code    10  stm32f4xx_iwdg.o(i.IWDG_Enable)
    IWDG_Feed                                0x08001aed   Thumb Code    10  gpio.o(i.IWDG_Feed)
    IWDG_ReloadCounter                       0x08001afd   Thumb Code    10  stm32f4xx_iwdg.o(i.IWDG_ReloadCounter)
    IWDG_SetPrescaler                        0x08001b0d   Thumb Code     6  stm32f4xx_iwdg.o(i.IWDG_SetPrescaler)
    IWDG_SetReload                           0x08001b19   Thumb Code     6  stm32f4xx_iwdg.o(i.IWDG_SetReload)
    IWDG_WriteAccessCmd                      0x08001b25   Thumb Code     6  stm32f4xx_iwdg.o(i.IWDG_WriteAccessCmd)
    MemManage_Handler                        0x08001bff   Thumb Code     2  stm32f4xx_it.o(i.MemManage_Handler)
    ModbusTimer                              0x08001c01   Thumb Code    10  modbus_svr.o(i.ModbusTimer)
    Modbus_Procotol_Chain                    0x08001c11   Thumb Code   560  modbus_svr.o(i.Modbus_Procotol_Chain)
    Modbus_init                              0x08001e4d   Thumb Code   116  modbus_svr.o(i.Modbus_init)
    Modbus_task                              0x08001ef5   Thumb Code    66  modbus_svr.o(i.Modbus_task)
    NMI_Handler                              0x08001f41   Thumb Code     2  stm32f4xx_it.o(i.NMI_Handler)
    NVIC_Init                                0x08001f45   Thumb Code    98  misc.o(i.NVIC_Init)
    NVIC_PriorityGroupConfig                 0x08001fad   Thumb Code    10  misc.o(i.NVIC_PriorityGroupConfig)
    Normal_response                          0x08001fc1   Thumb Code    74  modbus_svr.o(i.Normal_response)
    PIDMod_initialize                        0x08002015   Thumb Code    22  spd_comm.o(i.PIDMod_initialize)
    PIDMod_step                              0x08002031   Thumb Code   332  spd_comm.o(i.PIDMod_step)
    PIDMod_update_para                       0x08002189   Thumb Code    70  spd_comm.o(i.PIDMod_update_para)
    PID_controller                           0x080021d1   Thumb Code   114  spd_comm.o(i.PID_controller)
    PendSV_Handler                           0x0800224d   Thumb Code     2  stm32f4xx_it.o(i.PendSV_Handler)
    RCC_AHB1PeriphClockCmd                   0x08002251   Thumb Code    22  stm32f4xx_rcc.o(i.RCC_AHB1PeriphClockCmd)
    RCC_APB1PeriphClockCmd                   0x0800226d   Thumb Code    22  stm32f4xx_rcc.o(i.RCC_APB1PeriphClockCmd)
    RCC_APB2PeriphClockCmd                   0x08002289   Thumb Code    22  stm32f4xx_rcc.o(i.RCC_APB2PeriphClockCmd)
    RCC_GetClocksFreq                        0x080022a5   Thumb Code   148  stm32f4xx_rcc.o(i.RCC_GetClocksFreq)
    SPD1_Init                                0x080023f1   Thumb Code    80  usart_spd1.o(i.SPD1_Init)
    SPD1_Task                                0x08002475   Thumb Code   196  usart_spd1.o(i.SPD1_Task)
    SPD1_TxCmd                               0x08002549   Thumb Code   102  usart_spd1.o(i.SPD1_TxCmd)
    SPD2_Init                                0x08002669   Thumb Code    80  usart_spd2.o(i.SPD2_Init)
    SPD2_Task                                0x080026ed   Thumb Code   196  usart_spd2.o(i.SPD2_Task)
    SPD2_TxCmd                               0x080027c1   Thumb Code   102  usart_spd2.o(i.SPD2_TxCmd)
    SPD3_Init                                0x080028e1   Thumb Code    80  usart_spd3.o(i.SPD3_Init)
    SPD3_Task                                0x08002965   Thumb Code   206  usart_spd3.o(i.SPD3_Task)
    SPD3_TxCmd                               0x08002a45   Thumb Code   106  usart_spd3.o(i.SPD3_TxCmd)
    SVC_Handler                              0x08002ac1   Thumb Code     2  stm32f4xx_it.o(i.SVC_Handler)
    SetTimer                                 0x08002b99   Thumb Code    20  systick.o(i.SetTimer)
    SpdQueueAvgVal                           0x08002bb1   Thumb Code    26  spd_comm.o(i.SpdQueueAvgVal)
    SpdQueueIn                               0x08002bcb   Thumb Code    64  spd_comm.o(i.SpdQueueIn)
    SpdQueueInit                             0x08002c0b   Thumb Code    28  spd_comm.o(i.SpdQueueInit)
    SysTick_Handler                          0x08002c29   Thumb Code    54  systick.o(i.SysTick_Handler)
    SysTick_Init                             0x08002c69   Thumb Code    90  systick.o(i.SysTick_Init)
    SystemInit                               0x08002cd1   Thumb Code    74  system_stm32f4xx.o(i.SystemInit)
    Thruster_out                             0x08002d2d   Thumb Code    82  spd_comm.o(i.Thruster_out)
    Thruster_step                            0x08002d85   Thumb Code   178  spd_comm.o(i.Thruster_step)
    UART4_IRQHandler                         0x08002e41   Thumb Code    66  usart_dam.o(i.UART4_IRQHandler)
    UART7_IRQHandler                         0x08002e91   Thumb Code    66  usart_spd2.o(i.UART7_IRQHandler)
    USART1_IRQHandler                        0x08002ee1   Thumb Code    92  modbus_svr.o(i.USART1_IRQHandler)
    USART2_IRQHandler                        0x08002f49   Thumb Code    66  usart_spd3.o(i.USART2_IRQHandler)
    USART3_IRQHandler                        0x08002f99   Thumb Code    66  usart_spd1.o(i.USART3_IRQHandler)
    USART6_IRQHandler                        0x08002fe9   Thumb Code   128  usart_dpt.o(i.USART6_IRQHandler)
    USART_Cmd                                0x08003079   Thumb Code    24  stm32f4xx_usart.o(i.USART_Cmd)
    USART_GetFlagStatus                      0x08003091   Thumb Code    14  stm32f4xx_usart.o(i.USART_GetFlagStatus)
    USART_GetITStatus                        0x0800309f   Thumb Code    64  stm32f4xx_usart.o(i.USART_GetITStatus)
    USART_ITConfig                           0x080030df   Thumb Code    54  stm32f4xx_usart.o(i.USART_ITConfig)
    USART_Init                               0x08003115   Thumb Code   180  stm32f4xx_usart.o(i.USART_Init)
    USART_ReceiveData                        0x080031d1   Thumb Code     8  stm32f4xx_usart.o(i.USART_ReceiveData)
    USART_SendData                           0x080031d9   Thumb Code     8  stm32f4xx_usart.o(i.USART_SendData)
    UsageFault_Handler                       0x080031e1   Thumb Code     2  stm32f4xx_it.o(i.UsageFault_Handler)
    Usart_SendByte                           0x080031e3   Thumb Code    24  modbus_svr.o(i.Usart_SendByte)
    Usart_SendBytes                          0x080031fb   Thumb Code    46  modbus_svr.o(i.Usart_SendBytes)
    Usart_SendString                         0x08003229   Thumb Code    38  modbus_svr.o(i.Usart_SendString)
    __0sprintf$1                             0x08003251   Thumb Code    34  printf1.o(i.__0sprintf$1)
    __1sprintf$1                             0x08003251   Thumb Code     0  printf1.o(i.__0sprintf$1)
    __2sprintf                               0x08003251   Thumb Code     0  printf1.o(i.__0sprintf$1)
    __scatterload_copy                       0x08003279   Thumb Code    14  handlers.o(i.__scatterload_copy)
    __scatterload_null                       0x08003287   Thumb Code     2  handlers.o(i.__scatterload_null)
    __scatterload_zeroinit                   0x08003289   Thumb Code    14  handlers.o(i.__scatterload_zeroinit)
    _is_digit                                0x08003297   Thumb Code    14  scanf_fp.o(i._is_digit)
    main                                     0x08003405   Thumb Code   812  main.o(i.main)
    map_angle2resistance                     0x0800375d   Thumb Code   190  plant.o(i.map_angle2resistance)
    plant_init                               0x08003831   Thumb Code    38  plant.o(i.plant_init)
    plant_step                               0x08003865   Thumb Code   126  plant.o(i.plant_step)
    plant_water_set                          0x080038ed   Thumb Code    20  plant.o(i.plant_water_set)
    __ctype_categories                       0x08003b00   Data          64  ctype_c.o(.constdata)
    Region$$Table$$Base                      0x08003b40   Number         0  anon$$obj.o(Region$$Table)
    Region$$Table$$Limit                     0x08003b60   Number         0  anon$$obj.o(Region$$Table)
    SystemCoreClock                          0x20000000   Data           4  system_stm32f4xx.o(.data)
    AHBPrescTable                            0x20000004   Data          16  system_stm32f4xx.o(.data)
    bSaved                                   0x20000024   Data           1  modbus_svr.o(.data)
    bChanged                                 0x20000025   Data           1  modbus_svr.o(.data)
    pos_msg                                  0x20000026   Data           1  modbus_svr.o(.data)
    bFrameStart                              0x20000027   Data           1  modbus_svr.o(.data)
    frame_len                                0x20000028   Data           1  modbus_svr.o(.data)
    trans_len                                0x20000029   Data           1  modbus_svr.o(.data)
    nMBInterval                              0x2000002a   Data           2  modbus_svr.o(.data)
    tsk_buf                                  0x2000002c   Data           4  modbus_svr.o(.data)
    isr_buf                                  0x20000030   Data           4  modbus_svr.o(.data)
    nlTicks                                  0x20000038   Data           4  systick.o(.data)
    F_rulelist                               0x2000003c   Data         196  spd_comm.o(.data)
    P_rulelist                               0x20000100   Data         196  spd_comm.o(.data)
    I_rulelist                               0x200001c4   Data         196  spd_comm.o(.data)
    D_rulelist                               0x20000288   Data         196  spd_comm.o(.data)
    SPD3_frame_len                           0x2000034c   Data           1  usart_spd3.o(.data)
    SPD3_bFirst                              0x2000034d   Data           1  usart_spd3.o(.data)
    SPD3_curptr                              0x2000034e   Data           1  usart_spd3.o(.data)
    SPD3_bRecv                               0x2000034f   Data           1  usart_spd3.o(.data)
    ulSPD3Tick                               0x20000350   Data           4  usart_spd3.o(.data)
    SPD3_frame                               0x20000354   Data           8  usart_spd3.o(.data)
    SPD1_frame_len                           0x2000035c   Data           1  usart_spd1.o(.data)
    SPD1_bFirst                              0x2000035d   Data           1  usart_spd1.o(.data)
    SPD1_curptr                              0x2000035e   Data           1  usart_spd1.o(.data)
    SPD1_bRecv                               0x2000035f   Data           1  usart_spd1.o(.data)
    ulSpd1Tick                               0x20000360   Data           4  usart_spd1.o(.data)
    SPD1_frame                               0x20000364   Data           8  usart_spd1.o(.data)
    SPD2_frame_len                           0x2000036c   Data           1  usart_spd2.o(.data)
    SPD2_bFirst                              0x2000036d   Data           1  usart_spd2.o(.data)
    SPD2_curptr                              0x2000036e   Data           1  usart_spd2.o(.data)
    SPD2_bRecv                               0x2000036f   Data           1  usart_spd2.o(.data)
    ulSPD2Tick                               0x20000370   Data           4  usart_spd2.o(.data)
    SPD2_frame                               0x20000374   Data           8  usart_spd2.o(.data)
    DPT_curptr                               0x2000037c   Data           1  usart_dpt.o(.data)
    DPT_bRecv                                0x2000037d   Data           1  usart_dpt.o(.data)
    fDepth                                   0x20000380   Data           4  usart_dpt.o(.data)
    fHead                                    0x20000384   Data           4  usart_dpt.o(.data)
    fPitch                                   0x20000388   Data           4  usart_dpt.o(.data)
    fRoll                                    0x2000038c   Data           4  usart_dpt.o(.data)
    ulLastDptTicks                           0x20000390   Data           4  usart_dpt.o(.data)
    ulLastHprTicks                           0x20000394   Data           4  usart_dpt.o(.data)
    DAM_frame_len                            0x20000398   Data           1  usart_dam.o(.data)
    DAM_curptr                               0x20000399   Data           1  usart_dam.o(.data)
    DAM_bRecv                                0x2000039a   Data           1  usart_dam.o(.data)
    ulDAMTick                                0x2000039c   Data           4  usart_dam.o(.data)
    DMA_TxFrame                              0x200003a0   Data          17  usart_dam.o(.data)
    flow_torque_table                        0x200003b4   Data         100  plant.o(.data)
    pid1                                     0x20000418   Data          24  main.o(.bss)
    pid2                                     0x20000430   Data          24  main.o(.bss)
    pid3                                     0x20000448   Data          24  main.o(.bss)
    wReg                                     0x20000460   Data         400  modbus_svr.o(.bss)
    coils                                    0x200005f0   Data         400  modbus_svr.o(.bss)
    buffer                                   0x20000780   Data         512  modbus_svr.o(.bss)
    TimePre                                  0x20000980   Data          20  systick.o(.bss)
    TimeCur                                  0x20000994   Data          20  systick.o(.bss)
    TimerFlag                                0x200009a8   Data          10  systick.o(.bss)
    SPD3_buffer                              0x200009b4   Data         256  usart_spd3.o(.bss)
    qSPD3                                    0x20000ab4   Data          52  usart_spd3.o(.bss)
    SPD1_buffer                              0x20000ae8   Data         256  usart_spd1.o(.bss)
    qspd1                                    0x20000be8   Data          52  usart_spd1.o(.bss)
    SPD2_buffer                              0x20000c1c   Data         256  usart_spd2.o(.bss)
    qSPD2                                    0x20000d1c   Data          52  usart_spd2.o(.bss)
    DPT_buffer                               0x20000d50   Data         256  usart_dpt.o(.bss)
    DAM_buffer                               0x20000e50   Data         256  usart_dam.o(.bss)
    plant                                    0x20000f50   Data          40  plant.o(.bss)
    __initial_sp                             0x20001378   Data           0  startup_stm32f429_439xx.o(STACK)



==============================================================================

Memory Map of the image

  Image Entry point : 0x080001ad

  Load Region LR_IROM1 (Base: 0x08000000, Size: 0x00003f78, Max: 0x00100000, ABSOLUTE, COMPRESSED[0x00003c70])

    Execution Region ER_IROM1 (Exec base: 0x08000000, Load base: 0x08000000, Size: 0x00003b60, Max: 0x00100000, ABSOLUTE)

    Exec Addr    Load Addr    Size         Type   Attr      Idx    E Section Name        Object

    0x08000000   0x08000000   0x000001ac   Data   RO            3    RESET               startup_stm32f429_439xx.o
    0x080001ac   0x080001ac   0x00000000   Code   RO         6116  * .ARM.Collect$$$$00000000  mc_w.l(entry.o)
    0x080001ac   0x080001ac   0x00000004   Code   RO         6454    .ARM.Collect$$$$00000001  mc_w.l(entry2.o)
    0x080001b0   0x080001b0   0x00000004   Code   RO         6457    .ARM.Collect$$$$00000004  mc_w.l(entry5.o)
    0x080001b4   0x080001b4   0x00000000   Code   RO         6459    .ARM.Collect$$$$00000008  mc_w.l(entry7b.o)
    0x080001b4   0x080001b4   0x00000000   Code   RO         6461    .ARM.Collect$$$$0000000A  mc_w.l(entry8b.o)
    0x080001b4   0x080001b4   0x00000008   Code   RO         6462    .ARM.Collect$$$$0000000B  mc_w.l(entry9a.o)
    0x080001bc   0x080001bc   0x00000000   Code   RO         6464    .ARM.Collect$$$$0000000D  mc_w.l(entry10a.o)
    0x080001bc   0x080001bc   0x00000000   Code   RO         6466    .ARM.Collect$$$$0000000F  mc_w.l(entry11a.o)
    0x080001bc   0x080001bc   0x00000004   Code   RO         6455    .ARM.Collect$$$$00002712  mc_w.l(entry2.o)
    0x080001c0   0x080001c0   0x00000024   Code   RO            4    .text               startup_stm32f429_439xx.o
    0x080001e4   0x080001e4   0x00000024   Code   RO         6124    .text               mc_w.l(memseta.o)
    0x08000208   0x08000208   0x00000038   Code   RO         6417    .text               mc_w.l(__0sscanf.o)
    0x08000240   0x08000240   0x00000360   Code   RO         6419    .text               mc_w.l(scanf_fp.o)
    0x080005a0   0x080005a0   0x000000e4   Code   RO         6425    .text               mf_w.l(dmul.o)
    0x08000684   0x08000684   0x000000de   Code   RO         6427    .text               mf_w.l(ddiv.o)
    0x08000762   0x08000762   0x00000026   Code   RO         6431    .text               mf_w.l(f2d.o)
    0x08000788   0x08000788   0x00000038   Code   RO         6433    .text               mf_w.l(d2f.o)
    0x080007c0   0x080007c0   0x0000002c   Code   RO         6469    .text               mc_w.l(uidiv.o)
    0x080007ec   0x080007ec   0x0000001e   Code   RO         6473    .text               mc_w.l(llshl.o)
    0x0800080a   0x0800080a   0x00000002   PAD
    0x0800080c   0x0800080c   0x00000028   Code   RO         6486    .text               mc_w.l(scanf_char.o)
    0x08000834   0x08000834   0x00000040   Code   RO         6488    .text               mc_w.l(_sgetc.o)
    0x08000874   0x08000874   0x00000000   Code   RO         6490    .text               mc_w.l(iusefp.o)
    0x08000874   0x08000874   0x0000006e   Code   RO         6491    .text               mf_w.l(fepilogue.o)
    0x080008e2   0x080008e2   0x000000ba   Code   RO         6493    .text               mf_w.l(depilogue.o)
    0x0800099c   0x0800099c   0x00000018   Code   RO         6497    .text               mf_w.l(dfltul.o)
    0x080009b4   0x080009b4   0x00000024   Code   RO         6507    .text               mc_w.l(init.o)
    0x080009d8   0x080009d8   0x00000020   Code   RO         6509    .text               mc_w.l(llushr.o)
    0x080009f8   0x080009f8   0x0000000a   Code   RO         6511    .text               mc_w.l(isspace_c.o)
    0x08000a02   0x08000a02   0x00000002   PAD
    0x08000a04   0x08000a04   0x0000032c   Code   RO         6513    .text               mc_w.l(_scanf.o)
    0x08000d30   0x08000d30   0x00000028   Code   RO         6515    .text               mc_w.l(ctype_c.o)
    0x08000d58   0x08000d58   0x00000056   Code   RO         6526    .text               mc_w.l(__dczerorl2.o)
    0x08000dae   0x08000dae   0x00000002   Code   RO         5232    i.BusFault_Handler  stm32f4xx_it.o
    0x08000db0   0x08000db0   0x00000028   Code   RO         5338    i.CRC16             modbus_svr.o
    0x08000dd8   0x08000dd8   0x000000ac   Code   RO         5922    i.DAM_Config        usart_dam.o
    0x08000e84   0x08000e84   0x0000004c   Code   RO         5923    i.DAM_Init          usart_dam.o
    0x08000ed0   0x08000ed0   0x00000028   Code   RO         5924    i.DAM_NVIC_Configuration  usart_dam.o
    0x08000ef8   0x08000ef8   0x0000005c   Code   RO         5925    i.DAM_Task          usart_dam.o
    0x08000f54   0x08000f54   0x0000006c   Code   RO         5926    i.DAM_TxCmd         usart_dam.o
    0x08000fc0   0x08000fc0   0x000000a8   Code   RO         5871    i.DPT_Config        usart_dpt.o
    0x08001068   0x08001068   0x0000003c   Code   RO         5872    i.DPT_Init          usart_dpt.o
    0x080010a4   0x080010a4   0x00000028   Code   RO         5873    i.DPT_NVIC_Configuration  usart_dpt.o
    0x080010cc   0x080010cc   0x0000014c   Code   RO         5874    i.DPT_Task          usart_dpt.o
    0x08001218   0x08001218   0x00000002   Code   RO         5233    i.DebugMon_Handler  stm32f4xx_it.o
    0x0800121a   0x0800121a   0x00000002   PAD
    0x0800121c   0x0800121c   0x0000004c   Code   RO         5339    i.Error_response    modbus_svr.o
    0x08001268   0x08001268   0x0000000c   Code   RO         1550    i.FLASH_ClearFlag   stm32f4xx_flash.o
    0x08001274   0x08001274   0x00000070   Code   RO         1556    i.FLASH_EraseSector  stm32f4xx_flash.o
    0x080012e4   0x080012e4   0x0000003c   Code   RO         1558    i.FLASH_GetStatus   stm32f4xx_flash.o
    0x08001320   0x08001320   0x00000010   Code   RO         1562    i.FLASH_Lock        stm32f4xx_flash.o
    0x08001330   0x08001330   0x0000003c   Code   RO         1585    i.FLASH_ProgramHalfWord  stm32f4xx_flash.o
    0x0800136c   0x0800136c   0x00000024   Code   RO         1588    i.FLASH_Unlock      stm32f4xx_flash.o
    0x08001390   0x08001390   0x00000022   Code   RO         1589    i.FLASH_WaitForLastOperation  stm32f4xx_flash.o
    0x080013b2   0x080013b2   0x00000002   PAD
    0x080013b4   0x080013b4   0x000000bc   Code   RO         5535    i.Flash_GetSector   bsp_innerflash.o
    0x08001470   0x08001470   0x00000018   Code   RO         5536    i.Flash_Read16BitDatas  bsp_innerflash.o
    0x08001488   0x08001488   0x00000064   Code   RO         5539    i.Flash_Write16BitDatas  bsp_innerflash.o
    0x080014ec   0x080014ec   0x00000080   Code   RO         5600    i.ForceToDigitout   spd_comm.o
    0x0800156c   0x0800156c   0x00000224   Code   RO         5601    i.Fuzzy_PIDParameter_step  spd_comm.o
    0x08001790   0x08001790   0x000001ac   Code   RO         5602    i.Fuzzy_controller  spd_comm.o
    0x0800193c   0x0800193c   0x00000050   Code   RO         5603    i.Fuzzy_trimf       spd_comm.o
    0x0800198c   0x0800198c   0x00000054   Code   RO         5301    i.GPIO_Config       gpio.o
    0x080019e0   0x080019e0   0x0000007c   Code   RO         2046    i.GPIO_Init         stm32f4xx_gpio.o
    0x08001a5c   0x08001a5c   0x00000020   Code   RO         2047    i.GPIO_PinAFConfig  stm32f4xx_gpio.o
    0x08001a7c   0x08001a7c   0x00000004   Code   RO         2054    i.GPIO_SetBits      stm32f4xx_gpio.o
    0x08001a80   0x08001a80   0x0000000c   Code   RO         5472    i.GetCurTick        systick.o
    0x08001a8c   0x08001a8c   0x00000028   Code   RO         5473    i.GetTimer          systick.o
    0x08001ab4   0x08001ab4   0x00000002   Code   RO         5234    i.HardFault_Handler  stm32f4xx_it.o
    0x08001ab6   0x08001ab6   0x00000024   Code   RO         5302    i.IWDG_Configuration  gpio.o
    0x08001ada   0x08001ada   0x00000002   PAD
    0x08001adc   0x08001adc   0x00000010   Code   RO         2561    i.IWDG_Enable       stm32f4xx_iwdg.o
    0x08001aec   0x08001aec   0x00000010   Code   RO         5303    i.IWDG_Feed         gpio.o
    0x08001afc   0x08001afc   0x00000010   Code   RO         2563    i.IWDG_ReloadCounter  stm32f4xx_iwdg.o
    0x08001b0c   0x08001b0c   0x0000000c   Code   RO         2564    i.IWDG_SetPrescaler  stm32f4xx_iwdg.o
    0x08001b18   0x08001b18   0x0000000c   Code   RO         2565    i.IWDG_SetReload    stm32f4xx_iwdg.o
    0x08001b24   0x08001b24   0x0000000c   Code   RO         2566    i.IWDG_WriteAccessCmd  stm32f4xx_iwdg.o
    0x08001b30   0x08001b30   0x000000a8   Code   RO         5340    i.MODBUS_Config     modbus_svr.o
    0x08001bd8   0x08001bd8   0x00000026   Code   RO         5341    i.MODBUS_NVIC_Configuration  modbus_svr.o
    0x08001bfe   0x08001bfe   0x00000002   Code   RO         5235    i.MemManage_Handler  stm32f4xx_it.o
    0x08001c00   0x08001c00   0x00000010   Code   RO         5342    i.ModbusTimer       modbus_svr.o
    0x08001c10   0x08001c10   0x0000023c   Code   RO         5343    i.Modbus_Procotol_Chain  modbus_svr.o
    0x08001e4c   0x08001e4c   0x000000a8   Code   RO         5344    i.Modbus_init       modbus_svr.o
    0x08001ef4   0x08001ef4   0x0000004c   Code   RO         5345    i.Modbus_task       modbus_svr.o
    0x08001f40   0x08001f40   0x00000002   Code   RO         5236    i.NMI_Handler       stm32f4xx_it.o
    0x08001f42   0x08001f42   0x00000002   PAD
    0x08001f44   0x08001f44   0x00000068   Code   RO          164    i.NVIC_Init         misc.o
    0x08001fac   0x08001fac   0x00000014   Code   RO          165    i.NVIC_PriorityGroupConfig  misc.o
    0x08001fc0   0x08001fc0   0x00000054   Code   RO         5346    i.Normal_response   modbus_svr.o
    0x08002014   0x08002014   0x0000001c   Code   RO         5604    i.PIDMod_initialize  spd_comm.o
    0x08002030   0x08002030   0x00000158   Code   RO         5605    i.PIDMod_step       spd_comm.o
    0x08002188   0x08002188   0x00000046   Code   RO         5606    i.PIDMod_update_para  spd_comm.o
    0x080021ce   0x080021ce   0x00000002   PAD
    0x080021d0   0x080021d0   0x0000007c   Code   RO         5607    i.PID_controller    spd_comm.o
    0x0800224c   0x0800224c   0x00000002   Code   RO         5237    i.PendSV_Handler    stm32f4xx_it.o
    0x0800224e   0x0800224e   0x00000002   PAD
    0x08002250   0x08002250   0x0000001c   Code   RO         2960    i.RCC_AHB1PeriphClockCmd  stm32f4xx_rcc.o
    0x0800226c   0x0800226c   0x0000001c   Code   RO         2969    i.RCC_APB1PeriphClockCmd  stm32f4xx_rcc.o
    0x08002288   0x08002288   0x0000001c   Code   RO         2972    i.RCC_APB2PeriphClockCmd  stm32f4xx_rcc.o
    0x080022a4   0x080022a4   0x000000a4   Code   RO         2981    i.RCC_GetClocksFreq  stm32f4xx_rcc.o
    0x08002348   0x08002348   0x000000a8   Code   RO         5757    i.SPD1_Config       usart_spd1.o
    0x080023f0   0x080023f0   0x0000005c   Code   RO         5758    i.SPD1_Init         usart_spd1.o
    0x0800244c   0x0800244c   0x00000028   Code   RO         5759    i.SPD1_NVIC_Configuration  usart_spd1.o
    0x08002474   0x08002474   0x000000d4   Code   RO         5760    i.SPD1_Task         usart_spd1.o
    0x08002548   0x08002548   0x00000078   Code   RO         5761    i.SPD1_TxCmd        usart_spd1.o
    0x080025c0   0x080025c0   0x000000a8   Code   RO         5814    i.SPD2_Config       usart_spd2.o
    0x08002668   0x08002668   0x0000005c   Code   RO         5815    i.SPD2_Init         usart_spd2.o
    0x080026c4   0x080026c4   0x00000028   Code   RO         5816    i.SPD2_NVIC_Configuration  usart_spd2.o
    0x080026ec   0x080026ec   0x000000d4   Code   RO         5817    i.SPD2_Task         usart_spd2.o
    0x080027c0   0x080027c0   0x00000078   Code   RO         5818    i.SPD2_TxCmd        usart_spd2.o
    0x08002838   0x08002838   0x000000a8   Code   RO         5700    i.SPD3_Config       usart_spd3.o
    0x080028e0   0x080028e0   0x0000005c   Code   RO         5701    i.SPD3_Init         usart_spd3.o
    0x0800293c   0x0800293c   0x00000028   Code   RO         5702    i.SPD3_NVIC_Configuration  usart_spd3.o
    0x08002964   0x08002964   0x000000e0   Code   RO         5703    i.SPD3_Task         usart_spd3.o
    0x08002a44   0x08002a44   0x0000007c   Code   RO         5704    i.SPD3_TxCmd        usart_spd3.o
    0x08002ac0   0x08002ac0   0x00000002   Code   RO         5238    i.SVC_Handler       stm32f4xx_it.o
    0x08002ac2   0x08002ac2   0x00000002   PAD
    0x08002ac4   0x08002ac4   0x000000d4   Code   RO           13    i.SetSysClock       system_stm32f4xx.o
    0x08002b98   0x08002b98   0x00000018   Code   RO         5474    i.SetTimer          systick.o
    0x08002bb0   0x08002bb0   0x0000001a   Code   RO         5608    i.SpdQueueAvgVal    spd_comm.o
    0x08002bca   0x08002bca   0x00000040   Code   RO         5609    i.SpdQueueIn        spd_comm.o
    0x08002c0a   0x08002c0a   0x0000001c   Code   RO         5610    i.SpdQueueInit      spd_comm.o
    0x08002c26   0x08002c26   0x00000002   PAD
    0x08002c28   0x08002c28   0x00000040   Code   RO         5475    i.SysTick_Handler   systick.o
    0x08002c68   0x08002c68   0x00000068   Code   RO         5476    i.SysTick_Init      systick.o
    0x08002cd0   0x08002cd0   0x0000005c   Code   RO           15    i.SystemInit        system_stm32f4xx.o
    0x08002d2c   0x08002d2c   0x00000058   Code   RO         5611    i.Thruster_out      spd_comm.o
    0x08002d84   0x08002d84   0x000000bc   Code   RO         5612    i.Thruster_step     spd_comm.o
    0x08002e40   0x08002e40   0x00000050   Code   RO         5927    i.UART4_IRQHandler  usart_dam.o
    0x08002e90   0x08002e90   0x00000050   Code   RO         5819    i.UART7_IRQHandler  usart_spd2.o
    0x08002ee0   0x08002ee0   0x00000068   Code   RO         5348    i.USART1_IRQHandler  modbus_svr.o
    0x08002f48   0x08002f48   0x00000050   Code   RO         5705    i.USART2_IRQHandler  usart_spd3.o
    0x08002f98   0x08002f98   0x00000050   Code   RO         5762    i.USART3_IRQHandler  usart_spd1.o
    0x08002fe8   0x08002fe8   0x00000090   Code   RO         5875    i.USART6_IRQHandler  usart_dpt.o
    0x08003078   0x08003078   0x00000018   Code   RO         4907    i.USART_Cmd         stm32f4xx_usart.o
    0x08003090   0x08003090   0x0000000e   Code   RO         4910    i.USART_GetFlagStatus  stm32f4xx_usart.o
    0x0800309e   0x0800309e   0x00000040   Code   RO         4911    i.USART_GetITStatus  stm32f4xx_usart.o
    0x080030de   0x080030de   0x00000036   Code   RO         4913    i.USART_ITConfig    stm32f4xx_usart.o
    0x08003114   0x08003114   0x000000bc   Code   RO         4914    i.USART_Init        stm32f4xx_usart.o
    0x080031d0   0x080031d0   0x00000008   Code   RO         4921    i.USART_ReceiveData  stm32f4xx_usart.o
    0x080031d8   0x080031d8   0x00000008   Code   RO         4924    i.USART_SendData    stm32f4xx_usart.o
    0x080031e0   0x080031e0   0x00000002   Code   RO         5239    i.UsageFault_Handler  stm32f4xx_it.o
    0x080031e2   0x080031e2   0x00000018   Code   RO         5349    i.Usart_SendByte    modbus_svr.o
    0x080031fa   0x080031fa   0x0000002e   Code   RO         5350    i.Usart_SendBytes   modbus_svr.o
    0x08003228   0x08003228   0x00000026   Code   RO         5352    i.Usart_SendString  modbus_svr.o
    0x0800324e   0x0800324e   0x00000002   PAD
    0x08003250   0x08003250   0x00000028   Code   RO         6175    i.__0sprintf$1      mc_w.l(printf1.o)
    0x08003278   0x08003278   0x0000000e   Code   RO         6520    i.__scatterload_copy  mc_w.l(handlers.o)
    0x08003286   0x08003286   0x00000002   Code   RO         6521    i.__scatterload_null  mc_w.l(handlers.o)
    0x08003288   0x08003288   0x0000000e   Code   RO         6522    i.__scatterload_zeroinit  mc_w.l(handlers.o)
    0x08003296   0x08003296   0x0000000e   Code   RO         6421    i._is_digit         mc_w.l(scanf_fp.o)
    0x080032a4   0x080032a4   0x00000154   Code   RO         6180    i._printf_core      mc_w.l(printf1.o)
    0x080033f8   0x080033f8   0x0000000a   Code   RO         6182    i._sputc            mc_w.l(printf1.o)
    0x08003402   0x08003402   0x00000002   PAD
    0x08003404   0x08003404   0x00000358   Code   RO         5161    i.main              main.o
    0x0800375c   0x0800375c   0x000000d4   Code   RO         6065    i.map_angle2resistance  plant.o
    0x08003830   0x08003830   0x00000034   Code   RO         6066    i.plant_init        plant.o
    0x08003864   0x08003864   0x00000088   Code   RO         6067    i.plant_step        plant.o
    0x080038ec   0x080038ec   0x00000014   Code   RO         6068    i.plant_water_set   plant.o
    0x08003900   0x08003900   0x00000200   Data   RO         5356    .constdata          modbus_svr.o
    0x08003b00   0x08003b00   0x00000040   Data   RO         6516    .constdata          mc_w.l(ctype_c.o)
    0x08003b40   0x08003b40   0x00000020   Data   RO         6518    Region$$Table       anon$$obj.o


    Execution Region RW_IRAM1 (Exec base: 0x20000000, Load base: 0x08003b60, Size: 0x00001378, Max: 0x00030000, ABSOLUTE, COMPRESSED[0x00000110])

    Exec Addr    Load Addr    Size         Type   Attr      Idx    E Section Name        Object

    0x20000000   COMPRESSED   0x00000014   Data   RW           16    .data               system_stm32f4xx.o
    0x20000014   COMPRESSED   0x00000010   Data   RW         3013    .data               stm32f4xx_rcc.o
    0x20000024   COMPRESSED   0x00000010   Data   RW         5357    .data               modbus_svr.o
    0x20000034   COMPRESSED   0x00000008   Data   RW         5478    .data               systick.o
    0x2000003c   COMPRESSED   0x00000310   Data   RW         5613    .data               spd_comm.o
    0x2000034c   COMPRESSED   0x00000010   Data   RW         5707    .data               usart_spd3.o
    0x2000035c   COMPRESSED   0x00000010   Data   RW         5764    .data               usart_spd1.o
    0x2000036c   COMPRESSED   0x00000010   Data   RW         5821    .data               usart_spd2.o
    0x2000037c   COMPRESSED   0x0000001c   Data   RW         5877    .data               usart_dpt.o
    0x20000398   COMPRESSED   0x00000019   Data   RW         5930    .data               usart_dam.o
    0x200003b1   COMPRESSED   0x00000003   PAD
    0x200003b4   COMPRESSED   0x00000064   Data   RW         6070    .data               plant.o
    0x20000418        -       0x00000048   Zero   RW         5162    .bss                main.o
    0x20000460        -       0x00000520   Zero   RW         5355    .bss                modbus_svr.o
    0x20000980        -       0x00000032   Zero   RW         5477    .bss                systick.o
    0x200009b2   COMPRESSED   0x00000002   PAD
    0x200009b4        -       0x00000134   Zero   RW         5706    .bss                usart_spd3.o
    0x20000ae8        -       0x00000134   Zero   RW         5763    .bss                usart_spd1.o
    0x20000c1c        -       0x00000134   Zero   RW         5820    .bss                usart_spd2.o
    0x20000d50        -       0x00000100   Zero   RW         5876    .bss                usart_dpt.o
    0x20000e50        -       0x00000100   Zero   RW         5928    .bss                usart_dam.o
    0x20000f50        -       0x00000028   Zero   RW         6069    .bss                plant.o
    0x20000f78        -       0x00000400   Zero   RW            1    STACK               startup_stm32f429_439xx.o


==============================================================================

Image component sizes


      Code (inc. data)   RO Data    RW Data    ZI Data      Debug   Object Name

       312         42          0          0          0       2673   bsp_innerflash.o
       136         12          0          0          0       1483   gpio.o
       856         44          0          0         72       2835   main.o
       124         16          0          0          0       1783   misc.o
      1450        126        512         16       1312      10167   modbus_svr.o
       420         46          0        100         40       3741   plant.o
      2144        132          0        784          0      11166   spd_comm.o
        36          8        428          0       1024        964   startup_stm32f429_439xx.o
       330         38          0          0          0       5173   stm32f4xx_flash.o
       160          0          0          0          0       2578   stm32f4xx_gpio.o
        16          0          0          0          0       3668   stm32f4xx_it.o
        68         30          0          0          0       2850   stm32f4xx_iwdg.o
       248         34          0         16          0       5159   stm32f4xx_rcc.o
       360          8          0          0          0       6277   stm32f4xx_usart.o
       304         34          0         20          0     285605   system_stm32f4xx.o
       244         40          0          8         50      29954   systick.o
       568         60          0         25        256       4392   usart_dam.o
       744         70          0         28        256       4163   usart_dpt.o
       712         68          0         16        308       4497   usart_spd1.o
       712         68          0         16        308       4492   usart_spd2.o
       728         70          0         16        308       4501   usart_spd3.o

    ----------------------------------------------------------------------
     10690        946        972       1048       3936     398121   Object Totals
         0          0         32          0          0          0   (incl. Generated)
        18          0          0          3          2          0   (incl. Padding)

    ----------------------------------------------------------------------

      Code (inc. data)   RO Data    RW Data    ZI Data      Debug   Library Member Name

        56          8          0          0          0         84   __0sscanf.o
        86          0          0          0          0          0   __dczerorl2.o
       812          4          0          0          0        112   _scanf.o
        64          0          0          0          0         84   _sgetc.o
        40          6         64          0          0         68   ctype_c.o
         0          0          0          0          0          0   entry.o
         0          0          0          0          0          0   entry10a.o
         0          0          0          0          0          0   entry11a.o
         8          4          0          0          0          0   entry2.o
         4          0          0          0          0          0   entry5.o
         0          0          0          0          0          0   entry7b.o
         0          0          0          0          0          0   entry8b.o
         8          4          0          0          0          0   entry9a.o
        30          0          0          0          0          0   handlers.o
        36          8          0          0          0         68   init.o
        10          0          0          0          0         68   isspace_c.o
         0          0          0          0          0          0   iusefp.o
        30          0          0          0          0         68   llshl.o
        32          0          0          0          0         68   llushr.o
        36          0          0          0          0        108   memseta.o
       390         10          0          0          0        252   printf1.o
        40          8          0          0          0         84   scanf_char.o
       878         12          0          0          0        216   scanf_fp.o
        44          0          0          0          0         80   uidiv.o
        56          0          0          0          0         88   d2f.o
       222          0          0          0          0        100   ddiv.o
       186          0          0          0          0        176   depilogue.o
        24          0          0          0          0         76   dfltul.o
       228          0          0          0          0         96   dmul.o
        38          0          0          0          0         68   f2d.o
       110          0          0          0          0        168   fepilogue.o

    ----------------------------------------------------------------------
      3474         64         64          0          0       2132   Library Totals
         6          0          0          0          0          0   (incl. Padding)

    ----------------------------------------------------------------------

      Code (inc. data)   RO Data    RW Data    ZI Data      Debug   Library Name

      2604         64         64          0          0       1360   mc_w.l
       864          0          0          0          0        772   mf_w.l

    ----------------------------------------------------------------------
      3474         64         64          0          0       2132   Library Totals

    ----------------------------------------------------------------------

==============================================================================


      Code (inc. data)   RO Data    RW Data    ZI Data      Debug   

     14164       1010       1036       1048       3936     389697   Grand Totals
     14164       1010       1036        272       3936     389697   ELF Image Totals (compressed)
     14164       1010       1036        272          0          0   ROM Totals

==============================================================================

    Total RO  Size (Code + RO Data)                15200 (  14.84kB)
    Total RW  Size (RW Data + ZI Data)              4984 (   4.87kB)
    Total ROM Size (Code + RO Data + RW Data)      15472 (  15.11kB)

==============================================================================

